Archive member included to satisfy reference by file (symbol)

C:/Users/KCCISTC/Documents/hate/cmake/stm32cubemx/../../Middlewares/ST/AI/Lib/NetworkRuntime1010_CM4_GCC.a(ai_platform.o)
                              CMakeFiles/hate.dir/X-CUBE-AI/App/network.c.obj (ai_buffer_array_item_set_address)
C:/Users/KCCISTC/Documents/hate/cmake/stm32cubemx/../../Middlewares/ST/AI/Lib/NetworkRuntime1010_CM4_GCC.a(ai_platform_interface.o)
                              CMakeFiles/hate.dir/X-CUBE-AI/App/network.c.obj (ai_platform_get_weights_map)
C:/Users/KCCISTC/Documents/hate/cmake/stm32cubemx/../../Middlewares/ST/AI/Lib/NetworkRuntime1010_CM4_GCC.a(core_common.o)
                              C:/Users/KCCISTC/Documents/hate/cmake/stm32cubemx/../../Middlewares/ST/AI/Lib/NetworkRuntime1010_CM4_GCC.a(ai_platform_interface.o) (core_init)
C:/Users/KCCISTC/Documents/hate/cmake/stm32cubemx/../../Middlewares/ST/AI/Lib/NetworkRuntime1010_CM4_GCC.a(core_mem_manager.o)
                              C:/Users/KCCISTC/Documents/hate/cmake/stm32cubemx/../../Middlewares/ST/AI/Lib/NetworkRuntime1010_CM4_GCC.a(ai_platform_interface.o) (core_mem_alloc)
C:/Users/KCCISTC/Documents/hate/cmake/stm32cubemx/../../Middlewares/ST/AI/Lib/NetworkRuntime1010_CM4_GCC.a(layers.o)
                              C:/Users/KCCISTC/Documents/hate/cmake/stm32cubemx/../../Middlewares/ST/AI/Lib/NetworkRuntime1010_CM4_GCC.a(ai_platform_interface.o) (ai_check_custom_types)
C:/Users/KCCISTC/Documents/hate/cmake/stm32cubemx/../../Middlewares/ST/AI/Lib/NetworkRuntime1010_CM4_GCC.a(layers_conv2d_stm32_integer.o)
                              CMakeFiles/hate.dir/X-CUBE-AI/App/network.c.obj (forward_dense_integer_SSSA_ch)
C:/Users/KCCISTC/Documents/hate/cmake/stm32cubemx/../../Middlewares/ST/AI/Lib/NetworkRuntime1010_CM4_GCC.a(layers_nl_stm32_integer.o)
                              CMakeFiles/hate.dir/X-CUBE-AI/App/network.c.obj (forward_sm_integer)
C:/Users/KCCISTC/Documents/hate/cmake/stm32cubemx/../../Middlewares/ST/AI/Lib/NetworkRuntime1010_CM4_GCC.a(layers_conv2d_integer_scratch.o)
                              C:/Users/KCCISTC/Documents/hate/cmake/stm32cubemx/../../Middlewares/ST/AI/Lib/NetworkRuntime1010_CM4_GCC.a(layers.o) (get_dense_scratch_size_s8)
C:/Users/KCCISTC/Documents/hate/cmake/stm32cubemx/../../Middlewares/ST/AI/Lib/NetworkRuntime1010_CM4_GCC.a(forward_lite_dense_is8os8ws8_ch.o)
                              C:/Users/KCCISTC/Documents/hate/cmake/stm32cubemx/../../Middlewares/ST/AI/Lib/NetworkRuntime1010_CM4_GCC.a(layers_conv2d_stm32_integer.o) (forward_lite_dense_is8os8ws8_ch)
C:/Users/KCCISTC/Documents/hate/cmake/stm32cubemx/../../Middlewares/ST/AI/Lib/NetworkRuntime1010_CM4_GCC.a(forward_lite_dense_is8os8ws8.o)
                              C:/Users/KCCISTC/Documents/hate/cmake/stm32cubemx/../../Middlewares/ST/AI/Lib/NetworkRuntime1010_CM4_GCC.a(layers_conv2d_stm32_integer.o) (forward_lite_dense_is8os8ws8)
C:/Users/KCCISTC/Documents/hate/cmake/stm32cubemx/../../Middlewares/ST/AI/Lib/NetworkRuntime1010_CM4_GCC.a(lite_nl_generic_integer.o)
                              C:/Users/KCCISTC/Documents/hate/cmake/stm32cubemx/../../Middlewares/ST/AI/Lib/NetworkRuntime1010_CM4_GCC.a(layers_nl_stm32_integer.o) (forward_lite_nl_softmax_is8os8)
C:/Users/KCCISTC/Documents/hate/cmake/stm32cubemx/../../Middlewares/ST/AI/Lib/NetworkRuntime1010_CM4_GCC.a(st_align_factor.o)
                              C:/Users/KCCISTC/Documents/hate/cmake/stm32cubemx/../../Middlewares/ST/AI/Lib/NetworkRuntime1010_CM4_GCC.a(layers_conv2d_stm32_integer.o) (align_factor)
C:/Users/KCCISTC/Documents/hate/cmake/stm32cubemx/../../Middlewares/ST/AI/Lib/NetworkRuntime1010_CM4_GCC.a(st_sssa8_convolve.o)
                              C:/Users/KCCISTC/Documents/hate/cmake/stm32cubemx/../../Middlewares/ST/AI/Lib/NetworkRuntime1010_CM4_GCC.a(layers_conv2d_stm32_integer.o) (st_sssa8_convolve_rank1upd)
C:/Users/KCCISTC/Documents/hate/cmake/stm32cubemx/../../Middlewares/ST/AI/Lib/NetworkRuntime1010_CM4_GCC.a(st_sssa8_convolve_1x1.o)
                              C:/Users/KCCISTC/Documents/hate/cmake/stm32cubemx/../../Middlewares/ST/AI/Lib/NetworkRuntime1010_CM4_GCC.a(layers_conv2d_stm32_integer.o) (st_sssa8_convolve_1x1_WeightsPrefetch)
C:/Users/KCCISTC/Documents/hate/cmake/stm32cubemx/../../Middlewares/ST/AI/Lib/NetworkRuntime1010_CM4_GCC.a(st_sssa8_convolve_dw.o)
                              C:/Users/KCCISTC/Documents/hate/cmake/stm32cubemx/../../Middlewares/ST/AI/Lib/NetworkRuntime1010_CM4_GCC.a(layers_conv2d_stm32_integer.o) (st_sssa8_conv_dw_Wadapt)
C:/Users/KCCISTC/Documents/hate/cmake/stm32cubemx/../../Middlewares/ST/AI/Lib/NetworkRuntime1010_CM4_GCC.a(st_sssa8_convolve_rgb.o)
                              C:/Users/KCCISTC/Documents/hate/cmake/stm32cubemx/../../Middlewares/ST/AI/Lib/NetworkRuntime1010_CM4_GCC.a(layers_conv2d_stm32_integer.o) (st_sssa8_convolve_rgb)
[...]
Memory Configuration

Name             Origin             Length             Attributes
RAM              0x20000000         0x00020000         xrw
FLASH            0x08000000         0x00080000         xr
*default*        0x00000000         0xffffffff

Linker script and memory map

LOAD C:/PROGRA~2/ARMGNU~1/142BCE~1.3RE/bin/../lib/gcc/arm-none-eabi/14.3.1/thumb/v7e-m+fp/hard/crti.o
LOAD C:/PROGRA~2/ARMGNU~1/142BCE~1.3RE/bin/../lib/gcc/arm-none-eabi/14.3.1/thumb/v7e-m+fp/hard/crtbegin.o
LOAD C:/PROGRA~2/ARMGNU~1/142BCE~1.3RE/bin/../lib/gcc/arm-none-eabi/14.3.1/../../../../arm-none-eabi/lib/thumb/v7e-m+fp/hard/crt0.o
LOAD cmake/stm32cubemx/CMakeFiles/STM32_Drivers.dir/__/__/Core/Src/system_stm32f4xx.c.obj
LOAD cmake/stm32cubemx/CMakeFiles/STM32_Drivers.dir/__/__/Drivers/STM32F4xx_HAL_Driver/Src/stm32f4xx_hal_i2c.c.obj
LOAD cmake/stm32cubemx/CMakeFiles/STM32_Drivers.dir/__/__/Drivers/STM32F4xx_HAL_Driver/Src/stm32f4xx_hal_i2c_ex.c.obj
LOAD cmake/stm32cubemx/CMakeFiles/STM32_Drivers.dir/__/__/Drivers/STM32F4xx_HAL_Driver/Src/stm32f4xx_hal_rcc.c.obj
LOAD cmake/stm32cubemx/CMakeFiles/STM32_Drivers.dir/__/__/Drivers/STM32F4xx_HAL_Driver/Src/stm32f4xx_hal_rcc_ex.c.obj
LOAD cmake/stm32cubemx/CMakeFiles/STM32_Drivers.dir/__/__/Drivers/STM32F4xx_HAL_Driver/Src/stm32f4xx_hal_flash.c.obj
LOAD cmake/stm32cubemx/CMakeFiles/STM32_Drivers.dir/__/__/Drivers/STM32F4xx_HAL_Driver/Src/stm32f4xx_hal_flash_ex.c.obj
LOAD cmake/stm32cubemx/CMakeFiles/STM32_Drivers.dir/__/__/Drivers/STM32F4xx_HAL_Driver/Src/stm32f4xx_hal_flash_ramfunc.c.obj
LOAD cmake/stm32cubemx/CMakeFiles/STM32_Drivers.dir/__/__/Drivers/STM32F4xx_HAL_Driver/Src/stm32f4xx_hal_gpio.c.obj
LOAD cmake/stm32cubemx/CMakeFiles/STM32_Drivers.dir/__/__/Drivers/STM32F4xx_HAL_Driver/Src/stm32f4xx_hal_dma_ex.c.obj
LOAD cmake/stm32cubemx/CMakeFiles/STM32_Drivers.dir/__/__/Drivers/STM32F4xx_HAL_Driver/Src/stm32f4xx_hal_dma.c.obj
LOAD cmake/stm32cubemx/CMakeFiles/STM32_Drivers.dir/__/__/Drivers/STM32F4xx_HAL_Driver/Src/stm32f4xx_hal_pwr.c.obj
LOAD cmake/stm32cubemx/CMakeFiles/STM32_Drivers.dir/__/__/Drivers/STM32F4xx_HAL_Driver/Src/stm32f4xx_hal_pwr_ex.c.obj
LOAD cmake/stm32cubemx/CMakeFiles/STM32_Drivers.dir/__/__/Drivers/STM32F4xx_HAL_Driver/Src/stm32f4xx_hal_cortex.c.obj
LOAD cmake/stm32cubemx/CMakeFiles/STM32_Drivers.dir/__/__/Drivers/STM32F4xx_HAL_Driver/Src/stm32f4xx_hal.c.obj
LOAD cmake/stm32cubemx/CMakeFiles/STM32_Drivers.dir/__/__/Drivers/STM32F4xx_HAL_Driver/Src/stm32f4xx_hal_exti.c.obj
LOAD cmake/stm32cubemx/CMakeFiles/STM32_Drivers.dir/__/__/Drivers/STM32F4xx_HAL_Driver/Src/stm32f4xx_hal_uart.c.obj
LOAD CMakeFiles/hate.dir/Core/Src/main.c.obj
LOAD CMakeFiles/hate.dir/Core/Src/stm32f4xx_it.c.obj
LOAD CMakeFiles/hate.dir/Core/Src/stm32f4xx_hal_msp.c.obj
LOAD CMakeFiles/hate.dir/Core/Src/sysmem.c.obj
LOAD CMakeFiles/hate.dir/Core/Src/syscalls.c.obj
LOAD CMakeFiles/hate.dir/X-CUBE-AI/App/network.c.obj
LOAD CMakeFiles/hate.dir/X-CUBE-AI/App/network_data.c.obj
LOAD CMakeFiles/hate.dir/X-CUBE-AI/App/network_data_params.c.obj
LOAD CMakeFiles/hate.dir/X-CUBE-AI/App/app_x-cube-ai.c.obj
LOAD CMakeFiles/hate.dir/startup_stm32f411xe.s.obj
LOAD CMakeFiles/hate.dir/Core/Src/model_data.c.obj
LOAD C:/Users/KCCISTC/Documents/hate/cmake/stm32cubemx/../../Middlewares/ST/AI/Lib/NetworkRuntime1010_CM4_GCC.a
LOAD C:/PROGRA~2/ARMGNU~1/142BCE~1.3RE/bin/../lib/gcc/arm-none-eabi/14.3.1/../../../../arm-none-eabi/lib/thumb/v7e-m+fp/hard\libm.a
START GROUP
LOAD C:/PROGRA~2/ARMGNU~1/142BCE~1.3RE/bin/../lib/gcc/arm-none-eabi/14.3.1/thumb/v7e-m+fp/hard\libgcc.a
LOAD C:/PROGRA~2/ARMGNU~1/142BCE~1.3RE/bin/../lib/gcc/arm-none-eabi/14.3.1/../../../../arm-none-eabi/lib/thumb/v7e-m+fp/hard\libg_nano.a
LOAD C:/PROGRA~2/ARMGNU~1/142BCE~1.3RE/bin/../lib/gcc/arm-none-eabi/14.3.1/../../../../arm-none-eabi/lib/thumb/v7e-m+fp/hard\libc_nano.a
END GROUP
START GROUP
LOAD C:/PROGRA~2/ARMGNU~1/142BCE~1.3RE/bin/../lib/gcc/arm-none-eabi/14.3.1/thumb/v7e-m+fp/hard\libgcc.a
LOAD C:/PROGRA~2/ARMGNU~1/142BCE~1.3RE/bin/../lib/gcc/arm-none-eabi/14.3.1/../../../../arm-none-eabi/lib/thumb/v7e-m+fp/hard\libc_nano.a
END GROUP
LOAD C:/PROGRA~2/ARMGNU~1/142BCE~1.3RE/bin/../lib/gcc/arm-none-eabi/14.3.1/thumb/v7e-m+fp/hard/crtend.o
LOAD C:/PROGRA~2/ARMGNU~1/142BCE~1.3RE/bin/../lib/gcc/arm-none-eabi/14.3.1/thumb/v7e-m+fp/hard/crtn.o
                0x20020000                        _estack = (ORIGIN (RAM) + LENGTH (RAM))
                0x00000800                        _Min_Heap_Size = 0x800
                0x00000800                        _Min_Stack_Size = 0x800

.isr_vector     0x08000000      0x198
                0x08000000                        . = ALIGN (0x4)
 *(.isr_vector)
 .isr_vector    0x08000000      0x198 CMakeFiles/hate.dir/startup_stm32f411xe.s.obj
                0x08000000                g_pfnVectors
                0x08000198                        . = ALIGN (0x4)

.text           0x080001a0     0x9008
                0x080001a0                        . = ALIGN (0x4)
 *(.text)
 .text          0x080001a0       0x30 C:/PROGRA~2/ARMGNU~1/142BCE~1.3RE/bin/../lib/gcc/arm-none-eabi/14.3.1/thumb/v7e-m+fp/hard\libgcc.a(_aeabi_uldivmod.o)
                0x080001a0                __aeabi_uldivmod
 .text          0x080001d0        0x4 C:/PROGRA~2/ARMGNU~1/142BCE~1.3RE/bin/../lib/gcc/arm-none-eabi/14.3.1/thumb/v7e-m+fp/hard\libgcc.a(_dvmd_tls.o)
                0x080001d0                __aeabi_idiv0
                0x080001d0                __aeabi_ldiv0
 .text          0x080001d4       0x14 C:/PROGRA~2/ARMGNU~1/142BCE~1.3RE/bin/../lib/gcc/arm-none-eabi/14.3.1/../../../../arm-none-eabi/lib/thumb/v7e-m+fp/hard\libg_nano.a(libc_a-strcmp.o)
                0x080001d4                strcmp
 .text          0x080001e8       0x10 C:/PROGRA~2/ARMGNU~1/142BCE~1.3RE/bin/../lib/gcc/arm-none-eabi/14.3.1/../../../../arm-none-eabi/lib/thumb/v7e-m+fp/hard\libg_nano.a(libc_a-strlen.o)
                0x080001e8                strlen
 *fill*         0x080001f8        0x8 
 .text          0x08000200       0xa0 C:/PROGRA~2/ARMGNU~1/142BCE~1.3RE/bin/../lib/gcc/arm-none-eabi/14.3.1/../../../../arm-none-eabi/lib/thumb/v7e-m+fp/hard\libg_nano.a(libc_a-memchr.o)
                0x08000200                memchr
 *(.text*)
 .text.deregister_tm_clones
                0x080002a0       0x1c C:/PROGRA~2/ARMGNU~1/142BCE~1.3RE/bin/../lib/gcc/arm-none-eabi/14.3.1/thumb/v7e-m+fp/hard/crtbegin.o
 .text.register_tm_clones
                0x080002bc       0x24 C:/PROGRA~2/ARMGNU~1/142BCE~1.3RE/bin/../lib/gcc/arm-none-eabi/14.3.1/thumb/v7e-m+fp/hard/crtbegin.o
 .text.__do_global_dtors_aux
                0x080002e0       0x28 C:/PROGRA~2/ARMGNU~1/142BCE~1.3RE/bin/../lib/gcc/arm-none-eabi/14.3.1/thumb/v7e-m+fp/hard/crtbegin.o
 .text.frame_dummy
                0x08000308       0x24 C:/PROGRA~2/ARMGNU~1/142BCE~1.3RE/bin/../lib/gcc/arm-none-eabi/14.3.1/thumb/v7e-m+fp/hard/crtbegin.o
 .text.SystemInit
                0x0800032c       0x24 cmake/stm32cubemx/CMakeFiles/STM32_Drivers.dir/__/__/Core/Src/system_stm32f4xx.c.obj
                0x0800032c                SystemInit
 .text.HAL_I2C_Init
                0x08000350      0x288 cmake/stm32cubemx/CMakeFiles/STM32_Drivers.dir/__/__/Drivers/STM32F4xx_HAL_Driver/Src/stm32f4xx_hal_i2c.c.obj
                0x08000350                HAL_I2C_Init
 .text.HAL_I2C_Master_Transmit
                0x080005d8      0x1fc cmake/stm32cubemx/CMakeFiles/STM32_Drivers.dir/__/__/Drivers/STM32F4xx_HAL_Driver/Src/stm32f4xx_hal_i2c.c.obj
                0x080005d8                HAL_I2C_Master_Transmit
 .text.I2C_MasterRequestWrite
                0x080007d4      0x104 cmake/stm32cubemx/CMakeFiles/STM32_Drivers.dir/__/__/Drivers/STM32F4xx_HAL_Driver/Src/stm32f4xx_hal_i2c.c.obj
 .text.I2C_WaitOnFlagUntilTimeout
                0x080008d8       0xf4 cmake/stm32cubemx/CMakeFiles/STM32_Drivers.dir/__/__/Drivers/STM32F4xx_HAL_Driver/Src/stm32f4xx_hal_i2c.c.obj
 .text.I2C_WaitOnMasterAddressFlagUntilTimeout
                0x080009cc      0x140 cmake/stm32cubemx/CMakeFiles/STM32_Drivers.dir/__/__/Drivers/STM32F4xx_HAL_Driver/Src/stm32f4xx_hal_i2c.c.obj
 .text.I2C_WaitOnTXEFlagUntilTimeout
                0x08000b0c       0x90 cmake/stm32cubemx/CMakeFiles/STM32_Drivers.dir/__/__/Drivers/STM32F4xx_HAL_Driver/Src/stm32f4xx_hal_i2c.c.obj
 .text.I2C_WaitOnBTFFlagUntilTimeout
                0x08000b9c       0x90 cmake/stm32cubemx/CMakeFiles/STM32_Drivers.dir/__/__/Drivers/STM32F4xx_HAL_Driver/Src/stm32f4xx_hal_i2c.c.obj
 .text.I2C_IsAcknowledgeFailed
                0x08000c2c       0x5e cmake/stm32cubemx/CMakeFiles/STM32_Drivers.dir/__/__/Drivers/STM32F4xx_HAL_Driver/Src/stm32f4xx_hal_i2c.c.obj
 *fill*         0x08000c8a        0x2 
 .text.HAL_RCC_OscConfig
                0x08000c8c      0x4f0 cmake/stm32cubemx/CMakeFiles/STM32_Drivers.dir/__/__/Drivers/STM32F4xx_HAL_Driver/Src/stm32f4xx_hal_rcc.c.obj
                0x08000c8c                HAL_RCC_OscConfig
 .text.HAL_RCC_ClockConfig
                0x0800117c      0x1cc cmake/stm32cubemx/CMakeFiles/STM32_Drivers.dir/__/__/Drivers/STM32F4xx_HAL_Driver/Src/stm32f4xx_hal_rcc.c.obj
                0x0800117c                HAL_RCC_ClockConfig
 .text.HAL_RCC_GetSysClockFreq
                0x08001348      0x20c cmake/stm32cubemx/CMakeFiles/STM32_Drivers.dir/__/__/Drivers/STM32F4xx_HAL_Driver/Src/stm32f4xx_hal_rcc.c.obj
                0x08001348                HAL_RCC_GetSysClockFreq
 .text.HAL_RCC_GetHCLKFreq
                0x08001554       0x18 cmake/stm32cubemx/CMakeFiles/STM32_Drivers.dir/__/__/Drivers/STM32F4xx_HAL_Driver/Src/stm32f4xx_hal_rcc.c.obj
                0x08001554                HAL_RCC_GetHCLKFreq
 .text.HAL_RCC_GetPCLK1Freq
                0x0800156c       0x28 cmake/stm32cubemx/CMakeFiles/STM32_Drivers.dir/__/__/Drivers/STM32F4xx_HAL_Driver/Src/stm32f4xx_hal_rcc.c.obj
                0x0800156c                HAL_RCC_GetPCLK1Freq
 .text.HAL_RCC_GetPCLK2Freq
                0x08001594       0x28 cmake/stm32cubemx/CMakeFiles/STM32_Drivers.dir/__/__/Drivers/STM32F4xx_HAL_Driver/Src/stm32f4xx_hal_rcc.c.obj
                0x08001594                HAL_RCC_GetPCLK2Freq
 .text.HAL_GPIO_Init
                0x080015bc      0x308 cmake/stm32cubemx/CMakeFiles/STM32_Drivers.dir/__/__/Drivers/STM32F4xx_HAL_Driver/Src/stm32f4xx_hal_gpio.c.obj
                0x080015bc                HAL_GPIO_Init
 .text.HAL_GPIO_WritePin
                0x080018c4       0x32 cmake/stm32cubemx/CMakeFiles/STM32_Drivers.dir/__/__/Drivers/STM32F4xx_HAL_Driver/Src/stm32f4xx_hal_gpio.c.obj
                0x080018c4                HAL_GPIO_WritePin
 .text.HAL_GPIO_TogglePin
                0x080018f6       0x34 cmake/stm32cubemx/CMakeFiles/STM32_Drivers.dir/__/__/Drivers/STM32F4xx_HAL_Driver/Src/stm32f4xx_hal_gpio.c.obj
                0x080018f6                HAL_GPIO_TogglePin
 .text.HAL_DMA_Abort
                0x0800192a       0xe0 cmake/stm32cubemx/CMakeFiles/STM32_Drivers.dir/__/__/Drivers/STM32F4xx_HAL_Driver/Src/stm32f4xx_hal_dma.c.obj
                0x0800192a                HAL_DMA_Abort
 .text.HAL_DMA_Abort_IT
                0x08001a0a       0x44 cmake/stm32cubemx/CMakeFiles/STM32_Drivers.dir/__/__/Drivers/STM32F4xx_HAL_Driver/Src/stm32f4xx_hal_dma.c.obj
                0x08001a0a                HAL_DMA_Abort_IT
 *fill*         0x08001a4e        0x2 
 .text.__NVIC_SetPriorityGrouping
                0x08001a50       0x48 cmake/stm32cubemx/CMakeFiles/STM32_Drivers.dir/__/__/Drivers/STM32F4xx_HAL_Driver/Src/stm32f4xx_hal_cortex.c.obj
 .text.__NVIC_GetPriorityGrouping
                0x08001a98       0x1c cmake/stm32cubemx/CMakeFiles/STM32_Drivers.dir/__/__/Drivers/STM32F4xx_HAL_Driver/Src/stm32f4xx_hal_cortex.c.obj
 .text.__NVIC_EnableIRQ
                0x08001ab4       0x3c cmake/stm32cubemx/CMakeFiles/STM32_Drivers.dir/__/__/Drivers/STM32F4xx_HAL_Driver/Src/stm32f4xx_hal_cortex.c.obj
 .text.__NVIC_SetPriority
                0x08001af0       0x54 cmake/stm32cubemx/CMakeFiles/STM32_Drivers.dir/__/__/Drivers/STM32F4xx_HAL_Driver/Src/stm32f4xx_hal_cortex.c.obj
 .text.NVIC_EncodePriority
                0x08001b44       0x66 cmake/stm32cubemx/CMakeFiles/STM32_Drivers.dir/__/__/Drivers/STM32F4xx_HAL_Driver/Src/stm32f4xx_hal_cortex.c.obj
 *fill*         0x08001baa        0x2 
 .text.SysTick_Config
                0x08001bac       0x44 cmake/stm32cubemx/CMakeFiles/STM32_Drivers.dir/__/__/Drivers/STM32F4xx_HAL_Driver/Src/stm32f4xx_hal_cortex.c.obj
 .text.HAL_NVIC_SetPriorityGrouping
                0x08001bf0       0x16 cmake/stm32cubemx/CMakeFiles/STM32_Drivers.dir/__/__/Drivers/STM32F4xx_HAL_Driver/Src/stm32f4xx_hal_cortex.c.obj
                0x08001bf0                HAL_NVIC_SetPriorityGrouping
 .text.HAL_NVIC_SetPriority
                0x08001c06       0x38 cmake/stm32cubemx/CMakeFiles/STM32_Drivers.dir/__/__/Drivers/STM32F4xx_HAL_Driver/Src/stm32f4xx_hal_cortex.c.obj
                0x08001c06                HAL_NVIC_SetPriority
 .text.HAL_NVIC_EnableIRQ
                0x08001c3e       0x1c cmake/stm32cubemx/CMakeFiles/STM32_Drivers.dir/__/__/Drivers/STM32F4xx_HAL_Driver/Src/stm32f4xx_hal_cortex.c.obj
                0x08001c3e                HAL_NVIC_EnableIRQ
 .text.HAL_SYSTICK_Config
                0x08001c5a       0x18 cmake/stm32cubemx/CMakeFiles/STM32_Drivers.dir/__/__/Drivers/STM32F4xx_HAL_Driver/Src/stm32f4xx_hal_cortex.c.obj
                0x08001c5a                HAL_SYSTICK_Config
 *fill*         0x08001c72        0x2 
 .text.HAL_Init
                0x08001c74       0x44 cmake/stm32cubemx/CMakeFiles/STM32_Drivers.dir/__/__/Drivers/STM32F4xx_HAL_Driver/Src/stm32f4xx_hal.c.obj
                0x08001c74                HAL_Init
 .text.HAL_InitTick
                0x08001cb8       0x60 cmake/stm32cubemx/CMakeFiles/STM32_Drivers.dir/__/__/Drivers/STM32F4xx_HAL_Driver/Src/stm32f4xx_hal.c.obj
                0x08001cb8                HAL_InitTick
 .text.HAL_IncTick
                0x08001d18       0x28 cmake/stm32cubemx/CMakeFiles/STM32_Drivers.dir/__/__/Drivers/STM32F4xx_HAL_Driver/Src/stm32f4xx_hal.c.obj
                0x08001d18                HAL_IncTick
 .text.HAL_GetTick
                0x08001d40       0x18 cmake/stm32cubemx/CMakeFiles/STM32_Drivers.dir/__/__/Drivers/STM32F4xx_HAL_Driver/Src/stm32f4xx_hal.c.obj
                0x08001d40                HAL_GetTick
 .text.HAL_Delay
                0x08001d58       0x48 cmake/stm32cubemx/CMakeFiles/STM32_Drivers.dir/__/__/Drivers/STM32F4xx_HAL_Driver/Src/stm32f4xx_hal.c.obj
                0x08001d58                HAL_Delay
 .text.HAL_UART_Init
                0x08001da0       0xa0 cmake/stm32cubemx/CMakeFiles/STM32_Drivers.dir/__/__/Drivers/STM32F4xx_HAL_Driver/Src/stm32f4xx_hal_uart.c.obj
                0x08001da0                HAL_UART_Init
 .text.HAL_UART_Transmit
                0x08001e40      0x116 cmake/stm32cubemx/CMakeFiles/STM32_Drivers.dir/__/__/Drivers/STM32F4xx_HAL_Driver/Src/stm32f4xx_hal_uart.c.obj
                0x08001e40                HAL_UART_Transmit
 .text.HAL_UART_Receive_IT
                0x08001f56       0x4a cmake/stm32cubemx/CMakeFiles/STM32_Drivers.dir/__/__/Drivers/STM32F4xx_HAL_Driver/Src/stm32f4xx_hal_uart.c.obj
                0x08001f56                HAL_UART_Receive_IT
 .text.HAL_UART_IRQHandler
                0x08001fa0      0x554 cmake/stm32cubemx/CMakeFiles/STM32_Drivers.dir/__/__/Drivers/STM32F4xx_HAL_Driver/Src/stm32f4xx_hal_uart.c.obj
                0x08001fa0                HAL_UART_IRQHandler
 .text.HAL_UART_TxCpltCallback
                0x080024f4       0x14 cmake/stm32cubemx/CMakeFiles/STM32_Drivers.dir/__/__/Drivers/STM32F4xx_HAL_Driver/Src/stm32f4xx_hal_uart.c.obj
                0x080024f4                HAL_UART_TxCpltCallback
 .text.HAL_UART_ErrorCallback
                0x08002508       0x14 cmake/stm32cubemx/CMakeFiles/STM32_Drivers.dir/__/__/Drivers/STM32F4xx_HAL_Driver/Src/stm32f4xx_hal_uart.c.obj
                0x08002508                HAL_UART_ErrorCallback
 .text.HAL_UARTEx_RxEventCallback
                0x0800251c       0x18 cmake/stm32cubemx/CMakeFiles/STM32_Drivers.dir/__/__/Drivers/STM32F4xx_HAL_Driver/Src/stm32f4xx_hal_uart.c.obj
                0x0800251c                HAL_UARTEx_RxEventCallback
 .text.UART_WaitOnFlagUntilTimeout
                0x08002534       0xb2 cmake/stm32cubemx/CMakeFiles/STM32_Drivers.dir/__/__/Drivers/STM32F4xx_HAL_Driver/Src/stm32f4xx_hal_uart.c.obj
 .text.UART_Start_Receive_IT
                0x080025e6       0x74 cmake/stm32cubemx/CMakeFiles/STM32_Drivers.dir/__/__/Drivers/STM32F4xx_HAL_Driver/Src/stm32f4xx_hal_uart.c.obj
                0x080025e6                UART_Start_Receive_IT
 .text.UART_EndRxTransfer
                0x0800265a       0xc6 cmake/stm32cubemx/CMakeFiles/STM32_Drivers.dir/__/__/Drivers/STM32F4xx_HAL_Driver/Src/stm32f4xx_hal_uart.c.obj
 .text.UART_DMAAbortOnError
                0x08002720       0x22 cmake/stm32cubemx/CMakeFiles/STM32_Drivers.dir/__/__/Drivers/STM32F4xx_HAL_Driver/Src/stm32f4xx_hal_uart.c.obj
 .text.UART_Transmit_IT
                0x08002742       0xa0 cmake/stm32cubemx/CMakeFiles/STM32_Drivers.dir/__/__/Drivers/STM32F4xx_HAL_Driver/Src/stm32f4xx_hal_uart.c.obj
 .text.UART_EndTransmit_IT
                0x080027e2       0x30 cmake/stm32cubemx/CMakeFiles/STM32_Drivers.dir/__/__/Drivers/STM32F4xx_HAL_Driver/Src/stm32f4xx_hal_uart.c.obj
 .text.UART_Receive_IT
                0x08002812      0x17c cmake/stm32cubemx/CMakeFiles/STM32_Drivers.dir/__/__/Drivers/STM32F4xx_HAL_Driver/Src/stm32f4xx_hal_uart.c.obj
 *fill*         0x0800298e        0x2 
 .text.UART_SetConfig
                0x08002990      0x4e8 cmake/stm32cubemx/CMakeFiles/STM32_Drivers.dir/__/__/Drivers/STM32F4xx_HAL_Driver/Src/stm32f4xx_hal_uart.c.obj
 .text.main     0x08002e78       0xec CMakeFiles/hate.dir/Core/Src/main.c.obj
                0x08002e78                main
 .text.SystemClock_Config
                0x08002f64       0xd0 CMakeFiles/hate.dir/Core/Src/main.c.obj
                0x08002f64                SystemClock_Config
 .text.MX_I2C2_Init
                0x08003034       0x5c CMakeFiles/hate.dir/Core/Src/main.c.obj
 .text.MX_USART1_UART_Init
                0x08003090       0x54 CMakeFiles/hate.dir/Core/Src/main.c.obj
 .text.MX_USART2_UART_Init
                0x080030e4       0x54 CMakeFiles/hate.dir/Core/Src/main.c.obj
 .text.MX_GPIO_Init
                0x08003138       0xdc CMakeFiles/hate.dir/Core/Src/main.c.obj
 .text.__io_putchar
                0x08003214       0x24 CMakeFiles/hate.dir/Core/Src/main.c.obj
                0x08003214                __io_putchar
 .text.lcd_send_nibble
                0x08003238       0x7c CMakeFiles/hate.dir/Core/Src/main.c.obj
                0x08003238                lcd_send_nibble
 .text.lcd_send_cmd
                0x080032b4       0x32 CMakeFiles/hate.dir/Core/Src/main.c.obj
                0x080032b4                lcd_send_cmd
 .text.lcd_send_data
                0x080032e6       0x46 CMakeFiles/hate.dir/Core/Src/main.c.obj
                0x080032e6                lcd_send_data
 .text.lcd_init
                0x0800332c       0x5c CMakeFiles/hate.dir/Core/Src/main.c.obj
                0x0800332c                lcd_init
 .text.lcd_clear
                0x08003388       0x14 CMakeFiles/hate.dir/Core/Src/main.c.obj
                0x08003388                lcd_clear
 .text.lcd_set_cursor
                0x0800339c       0x36 CMakeFiles/hate.dir/Core/Src/main.c.obj
                0x0800339c                lcd_set_cursor
 .text.lcd_print
                0x080033d2       0x2a CMakeFiles/hate.dir/Core/Src/main.c.obj
                0x080033d2                lcd_print
 .text.lcd_display_zone_result
                0x080033fc       0xa0 CMakeFiles/hate.dir/Core/Src/main.c.obj
                0x080033fc                lcd_display_zone_result
 .text.esp01_init
                0x0800349c       0x40 CMakeFiles/hate.dir/Core/Src/main.c.obj
                0x0800349c                esp01_init
 .text.esp01_send_command
                0x080034dc       0x50 CMakeFiles/hate.dir/Core/Src/main.c.obj
                0x080034dc                esp01_send_command
 .text.esp01_start_receive
                0x0800352c       0x1c CMakeFiles/hate.dir/Core/Src/main.c.obj
                0x0800352c                esp01_start_receive
 .text.esp01_scan_wifi
                0x08003548       0xb4 CMakeFiles/hate.dir/Core/Src/main.c.obj
                0x08003548                esp01_scan_wifi
 .text.parse_wifi_scan_result
                0x080035fc      0x3f0 CMakeFiles/hate.dir/Core/Src/main.c.obj
                0x080035fc                parse_wifi_scan_result
 .text.estimate_zone_from_wifi_scan
                0x080039ec       0xd8 CMakeFiles/hate.dir/Core/Src/main.c.obj
                0x080039ec                estimate_zone_from_wifi_scan
 .text.find_bssid_index
                0x08003ac4       0x44 CMakeFiles/hate.dir/Core/Src/main.c.obj
                0x08003ac4                find_bssid_index
 .text.create_rssi_feature_vector
                0x08003b08       0xb0 CMakeFiles/hate.dir/Core/Src/main.c.obj
                0x08003b08                create_rssi_feature_vector
 .text.HAL_UART_RxCpltCallback
                0x08003bb8       0x70 CMakeFiles/hate.dir/Core/Src/main.c.obj
                0x08003bb8                HAL_UART_RxCpltCallback
 .text.Error_Handler
                0x08003c28        0xc CMakeFiles/hate.dir/Core/Src/main.c.obj
                0x08003c28                Error_Handler
 .text.NMI_Handler
                0x08003c34        0x8 CMakeFiles/hate.dir/Core/Src/stm32f4xx_it.c.obj
                0x08003c34                NMI_Handler
 .text.HardFault_Handler
                0x08003c3c        0x8 CMakeFiles/hate.dir/Core/Src/stm32f4xx_it.c.obj
                0x08003c3c                HardFault_Handler
 .text.MemManage_Handler
                0x08003c44        0x8 CMakeFiles/hate.dir/Core/Src/stm32f4xx_it.c.obj
                0x08003c44                MemManage_Handler
 .text.BusFault_Handler
                0x08003c4c        0x8 CMakeFiles/hate.dir/Core/Src/stm32f4xx_it.c.obj
                0x08003c4c                BusFault_Handler
 .text.UsageFault_Handler
                0x08003c54        0x8 CMakeFiles/hate.dir/Core/Src/stm32f4xx_it.c.obj
                0x08003c54                UsageFault_Handler
 .text.SVC_Handler
                0x08003c5c        0xe CMakeFiles/hate.dir/Core/Src/stm32f4xx_it.c.obj
                0x08003c5c                SVC_Handler
 .text.DebugMon_Handler
                0x08003c6a        0xe CMakeFiles/hate.dir/Core/Src/stm32f4xx_it.c.obj
                0x08003c6a                DebugMon_Handler
 .text.PendSV_Handler
                0x08003c78        0xe CMakeFiles/hate.dir/Core/Src/stm32f4xx_it.c.obj
                0x08003c78                PendSV_Handler
 .text.SysTick_Handler
                0x08003c86        0xc CMakeFiles/hate.dir/Core/Src/stm32f4xx_it.c.obj
                0x08003c86                SysTick_Handler
 *fill*         0x08003c92        0x2 
 .text.USART1_IRQHandler
                0x08003c94       0x14 CMakeFiles/hate.dir/Core/Src/stm32f4xx_it.c.obj
                0x08003c94                USART1_IRQHandler
 .text.USART2_IRQHandler
                0x08003ca8       0x14 CMakeFiles/hate.dir/Core/Src/stm32f4xx_it.c.obj
                0x08003ca8                USART2_IRQHandler
 .text.HAL_MspInit
                0x08003cbc       0x50 CMakeFiles/hate.dir/Core/Src/stm32f4xx_hal_msp.c.obj
                0x08003cbc                HAL_MspInit
 .text.HAL_I2C_MspInit
                0x08003d0c       0xb4 CMakeFiles/hate.dir/Core/Src/stm32f4xx_hal_msp.c.obj
                0x08003d0c                HAL_I2C_MspInit
 .text.HAL_UART_MspInit
                0x08003dc0      0x118 CMakeFiles/hate.dir/Core/Src/stm32f4xx_hal_msp.c.obj
                0x08003dc0                HAL_UART_MspInit
 .text._sbrk    0x08003ed8       0x6c CMakeFiles/hate.dir/Core/Src/sysmem.c.obj
                0x08003ed8                _sbrk
 .text._getpid  0x08003f44       0x10 CMakeFiles/hate.dir/Core/Src/syscalls.c.obj
                0x08003f44                _getpid
 .text._kill    0x08003f54       0x20 CMakeFiles/hate.dir/Core/Src/syscalls.c.obj
                0x08003f54                _kill
 .text._exit    0x08003f74       0x16 CMakeFiles/hate.dir/Core/Src/syscalls.c.obj
                0x08003f74                _exit
 .text._read    0x08003f8a       0x3a CMakeFiles/hate.dir/Core/Src/syscalls.c.obj
                0x08003f8a                _read
 .text._write   0x08003fc4       0x38 CMakeFiles/hate.dir/Core/Src/syscalls.c.obj
                0x08003fc4                _write
 .text._close   0x08003ffc       0x18 CMakeFiles/hate.dir/Core/Src/syscalls.c.obj
                0x08003ffc                _close
 .text._fstat   0x08004014       0x20 CMakeFiles/hate.dir/Core/Src/syscalls.c.obj
                0x08004014                _fstat
 .text._isatty  0x08004034       0x16 CMakeFiles/hate.dir/Core/Src/syscalls.c.obj
                0x08004034                _isatty
 .text._lseek   0x0800404a       0x1a CMakeFiles/hate.dir/Core/Src/syscalls.c.obj
                0x0800404a                _lseek
 .text.network_configure_activations
                0x08004064      0x10c CMakeFiles/hate.dir/X-CUBE-AI/App/network.c.obj
 .text.network_configure_weights
                0x08004170      0x120 CMakeFiles/hate.dir/X-CUBE-AI/App/network.c.obj
 .text.ai_network_get_error
                0x08004290       0x18 CMakeFiles/hate.dir/X-CUBE-AI/App/network.c.obj
                0x08004290                ai_network_get_error
 .text.ai_network_create
                0x080042a8       0x2c CMakeFiles/hate.dir/X-CUBE-AI/App/network.c.obj
                0x080042a8                ai_network_create
 .text.ai_network_create_and_init
                0x080042d4       0xfc CMakeFiles/hate.dir/X-CUBE-AI/App/network.c.obj
                0x080042d4                ai_network_create_and_init
 .text.ai_network_inputs_get
                0x080043d0       0x34 CMakeFiles/hate.dir/X-CUBE-AI/App/network.c.obj
                0x080043d0                ai_network_inputs_get
 .text.ai_network_outputs_get
                0x08004404       0x34 CMakeFiles/hate.dir/X-CUBE-AI/App/network.c.obj
                0x08004404                ai_network_outputs_get
 .text.ai_network_init
                0x08004438       0x78 CMakeFiles/hate.dir/X-CUBE-AI/App/network.c.obj
                0x08004438                ai_network_init
 .text.ai_network_run
                0x080044b0       0x20 CMakeFiles/hate.dir/X-CUBE-AI/App/network.c.obj
                0x080044b0                ai_network_run
 .text.ai_network_data_params_get
                0x080044d0       0x50 CMakeFiles/hate.dir/X-CUBE-AI/App/network_data.c.obj
                0x080044d0                ai_network_data_params_get
 .text.ai_log_err
                0x08004520       0x44 CMakeFiles/hate.dir/X-CUBE-AI/App/app_x-cube-ai.c.obj
 .text.ai_boostrap
                0x08004564       0xc8 CMakeFiles/hate.dir/X-CUBE-AI/App/app_x-cube-ai.c.obj
 .text.ai_run   0x0800462c       0x54 CMakeFiles/hate.dir/X-CUBE-AI/App/app_x-cube-ai.c.obj
 .text.prepare_rssi_input
                0x08004680      0x154 CMakeFiles/hate.dir/X-CUBE-AI/App/app_x-cube-ai.c.obj
                0x08004680                prepare_rssi_input
 .text.process_zone_prediction
                0x080047d4      0x258 CMakeFiles/hate.dir/X-CUBE-AI/App/app_x-cube-ai.c.obj
                0x080047d4                process_zone_prediction
 .text.predict_zone_with_ai
                0x08004a2c       0x70 CMakeFiles/hate.dir/X-CUBE-AI/App/app_x-cube-ai.c.obj
                0x08004a2c                predict_zone_with_ai
 .text.MX_X_CUBE_AI_Init
                0x08004a9c       0x64 CMakeFiles/hate.dir/X-CUBE-AI/App/app_x-cube-ai.c.obj
                0x08004a9c                MX_X_CUBE_AI_Init
 .text.MX_X_CUBE_AI_Process
                0x08004b00        0xe CMakeFiles/hate.dir/X-CUBE-AI/App/app_x-cube-ai.c.obj
                0x08004b00                MX_X_CUBE_AI_Process
 *fill*         0x08004b0e        0x2 
 .text.Reset_Handler
                0x08004b10       0x50 CMakeFiles/hate.dir/startup_stm32f411xe.s.obj
                0x08004b10                Reset_Handler
 .text.Default_Handler
                0x08004b60        0x2 CMakeFiles/hate.dir/startup_stm32f411xe.s.obj
                0x08004b60                RTC_Alarm_IRQHandler
                0x08004b60                EXTI2_IRQHandler
                0x08004b60                SPI4_IRQHandler
                0x08004b60                TIM1_CC_IRQHandler
                0x08004b60                DMA2_Stream5_IRQHandler
                0x08004b60                DMA1_Stream5_IRQHandler
                0x08004b60                PVD_IRQHandler
                0x08004b60                SDIO_IRQHandler
                0x08004b60                TAMP_STAMP_IRQHandler
                0x08004b60                EXTI3_IRQHandler
                0x08004b60                TIM1_UP_TIM10_IRQHandler
                0x08004b60                I2C3_ER_IRQHandler
                0x08004b60                EXTI0_IRQHandler
                0x08004b60                I2C2_EV_IRQHandler
                0x08004b60                DMA1_Stream2_IRQHandler
                0x08004b60                FPU_IRQHandler
                0x08004b60                DMA2_Stream2_IRQHandler
                0x08004b60                SPI1_IRQHandler
                0x08004b60                TIM1_BRK_TIM9_IRQHandler
                0x08004b60                DMA2_Stream3_IRQHandler
                0x08004b60                USART6_IRQHandler
                0x08004b60                DMA2_Stream0_IRQHandler
                0x08004b60                TIM4_IRQHandler
                0x08004b60                I2C1_EV_IRQHandler
                0x08004b60                DMA1_Stream6_IRQHandler
                0x08004b60                DMA1_Stream1_IRQHandler
                0x08004b60                TIM3_IRQHandler
                0x08004b60                RCC_IRQHandler
                0x08004b60                Default_Handler
                0x08004b60                EXTI15_10_IRQHandler
                0x08004b60                ADC_IRQHandler
                0x08004b60                DMA1_Stream7_IRQHandler
                0x08004b60                SPI5_IRQHandler
                0x08004b60                TIM5_IRQHandler
                0x08004b60                DMA2_Stream7_IRQHandler
                0x08004b60                I2C3_EV_IRQHandler
                0x08004b60                EXTI9_5_IRQHandler
                0x08004b60                RTC_WKUP_IRQHandler
                0x08004b60                SPI2_IRQHandler
                0x08004b60                DMA1_Stream0_IRQHandler
                0x08004b60                EXTI4_IRQHandler
                0x08004b60                WWDG_IRQHandler
                0x08004b60                TIM2_IRQHandler
                0x08004b60                OTG_FS_WKUP_IRQHandler
                0x08004b60                TIM1_TRG_COM_TIM11_IRQHandler
                0x08004b60                EXTI1_IRQHandler
                0x08004b60                I2C2_ER_IRQHandler
                0x08004b60                DMA2_Stream1_IRQHandler
                0x08004b60                FLASH_IRQHandler
                0x08004b60                DMA2_Stream4_IRQHandler
                0x08004b60                OTG_FS_IRQHandler
                0x08004b60                SPI3_IRQHandler
                0x08004b60                DMA1_Stream4_IRQHandler
                0x08004b60                I2C1_ER_IRQHandler
                0x08004b60                DMA2_Stream6_IRQHandler
                0x08004b60                DMA1_Stream3_IRQHandler
 *fill*         0x08004b62        0x2 
 .text.ai_buffer_get_size
                0x08004b64       0x64 C:/Users/KCCISTC/Documents/hate/cmake/stm32cubemx/../../Middlewares/ST/AI/Lib/NetworkRuntime1010_CM4_GCC.a(ai_platform.o)
                0x08004b64                ai_buffer_get_size
 .text.ai_buffer_array_sane
                0x08004bc8       0x14 C:/Users/KCCISTC/Documents/hate/cmake/stm32cubemx/../../Middlewares/ST/AI/Lib/NetworkRuntime1010_CM4_GCC.a(ai_platform.o)
                0x08004bc8                ai_buffer_array_sane
 .text.ai_buffer_array_item_set_address
                0x08004bdc       0x1c C:/Users/KCCISTC/Documents/hate/cmake/stm32cubemx/../../Middlewares/ST/AI/Lib/NetworkRuntime1010_CM4_GCC.a(ai_platform.o)
                0x08004bdc                ai_buffer_array_item_set_address
 .text.ai_platform_get_weights_map
                0x08004bf8       0xa4 C:/Users/KCCISTC/Documents/hate/cmake/stm32cubemx/../../Middlewares/ST/AI/Lib/NetworkRuntime1010_CM4_GCC.a(ai_platform_interface.o)
                0x08004bf8                ai_platform_get_weights_map
 .text.ai_platform_get_activations_map
                0x08004c9c       0xa8 C:/Users/KCCISTC/Documents/hate/cmake/stm32cubemx/../../Middlewares/ST/AI/Lib/NetworkRuntime1010_CM4_GCC.a(ai_platform_interface.o)
                0x08004c9c                ai_platform_get_activations_map
 .text.ai_platform_bind_network_params
                0x08004d44       0x44 C:/Users/KCCISTC/Documents/hate/cmake/stm32cubemx/../../Middlewares/ST/AI/Lib/NetworkRuntime1010_CM4_GCC.a(ai_platform_interface.o)
                0x08004d44                ai_platform_bind_network_params
 .text.ai_platform_network_get_error
                0x08004d88       0x18 C:/Users/KCCISTC/Documents/hate/cmake/stm32cubemx/../../Middlewares/ST/AI/Lib/NetworkRuntime1010_CM4_GCC.a(ai_platform_interface.o)
                0x08004d88                ai_platform_network_get_error
 .text.ai_platform_network_set_error
                0x08004da0        0xc C:/Users/KCCISTC/Documents/hate/cmake/stm32cubemx/../../Middlewares/ST/AI/Lib/NetworkRuntime1010_CM4_GCC.a(ai_platform_interface.o)
                0x08004da0                ai_platform_network_set_error
 .text.ai_platform_inputs_get
                0x08004dac       0xec C:/Users/KCCISTC/Documents/hate/cmake/stm32cubemx/../../Middlewares/ST/AI/Lib/NetworkRuntime1010_CM4_GCC.a(ai_platform_interface.o)
                0x08004dac                ai_platform_inputs_get
 .text.ai_platform_outputs_get
                0x08004e98       0xe4 C:/Users/KCCISTC/Documents/hate/cmake/stm32cubemx/../../Middlewares/ST/AI/Lib/NetworkRuntime1010_CM4_GCC.a(ai_platform_interface.o)
                0x08004e98                ai_platform_outputs_get
 .text.ai_platform_network_create
                0x08004f7c       0x84 C:/Users/KCCISTC/Documents/hate/cmake/stm32cubemx/../../Middlewares/ST/AI/Lib/NetworkRuntime1010_CM4_GCC.a(ai_platform_interface.o)
                0x08004f7c                ai_platform_network_create
 .text.ai_platform_network_init
                0x08005000      0x130 C:/Users/KCCISTC/Documents/hate/cmake/stm32cubemx/../../Middlewares/ST/AI/Lib/NetworkRuntime1010_CM4_GCC.a(ai_platform_interface.o)
                0x08005000                ai_platform_network_init
 .text.ai_platform_network_post_init
                0x08005130       0x5c C:/Users/KCCISTC/Documents/hate/cmake/stm32cubemx/../../Middlewares/ST/AI/Lib/NetworkRuntime1010_CM4_GCC.a(ai_platform_interface.o)
                0x08005130                ai_platform_network_post_init
 .text.ai_platform_network_process
                0x0800518c      0x438 C:/Users/KCCISTC/Documents/hate/cmake/stm32cubemx/../../Middlewares/ST/AI/Lib/NetworkRuntime1010_CM4_GCC.a(ai_platform_interface.o)
                0x0800518c                ai_platform_network_process
 .text.core_init
                0x080055c4        0x4 C:/Users/KCCISTC/Documents/hate/cmake/stm32cubemx/../../Middlewares/ST/AI/Lib/NetworkRuntime1010_CM4_GCC.a(core_common.o)
                0x080055c4                core_init
 .text.core_get_error
                0x080055c8        0xc C:/Users/KCCISTC/Documents/hate/cmake/stm32cubemx/../../Middlewares/ST/AI/Lib/NetworkRuntime1010_CM4_GCC.a(core_common.o)
                0x080055c8                core_get_error
 .text.core_set_error
                0x080055d4       0x18 C:/Users/KCCISTC/Documents/hate/cmake/stm32cubemx/../../Middlewares/ST/AI/Lib/NetworkRuntime1010_CM4_GCC.a(core_common.o)
                0x080055d4                core_set_error
 .text.ai_check_custom_types
                0x080055ec       0x54 C:/Users/KCCISTC/Documents/hate/cmake/stm32cubemx/../../Middlewares/ST/AI/Lib/NetworkRuntime1010_CM4_GCC.a(layers.o)
                0x080055ec                ai_check_custom_types
 .text.ai_layers_init_all
                0x08005640       0x20 C:/Users/KCCISTC/Documents/hate/cmake/stm32cubemx/../../Middlewares/ST/AI/Lib/NetworkRuntime1010_CM4_GCC.a(layers.o)
                0x08005640                ai_layers_init_all
 .text.ai_layers_post_init_all
                0x08005660       0x3c C:/Users/KCCISTC/Documents/hate/cmake/stm32cubemx/../../Middlewares/ST/AI/Lib/NetworkRuntime1010_CM4_GCC.a(layers.o)
                0x08005660                ai_layers_post_init_all
 .text.ai_layers_forward_all
                0x0800569c       0x90 C:/Users/KCCISTC/Documents/hate/cmake/stm32cubemx/../../Middlewares/ST/AI/Lib/NetworkRuntime1010_CM4_GCC.a(layers.o)
                0x0800569c                ai_layers_forward_all
 .text.forward_dense_integer_SSSA_ch
                0x0800572c      0x200 C:/Users/KCCISTC/Documents/hate/cmake/stm32cubemx/../../Middlewares/ST/AI/Lib/NetworkRuntime1010_CM4_GCC.a(layers_conv2d_stm32_integer.o)
                0x0800572c                forward_dense_integer_SSSA_ch
 .text.forward_sm_integer
                0x0800592c       0xc4 C:/Users/KCCISTC/Documents/hate/cmake/stm32cubemx/../../Middlewares/ST/AI/Lib/NetworkRuntime1010_CM4_GCC.a(layers_nl_stm32_integer.o)
                0x0800592c                forward_sm_integer
 .text.forward_lite_dense_is8os8ws8_ch
                0x080059f0       0x7c C:/Users/KCCISTC/Documents/hate/cmake/stm32cubemx/../../Middlewares/ST/AI/Lib/NetworkRuntime1010_CM4_GCC.a(forward_lite_dense_is8os8ws8_ch.o)
                0x080059f0                forward_lite_dense_is8os8ws8_ch
 .text.forward_lite_nl_softmax_is8os8
                0x08005a6c       0x14 C:/Users/KCCISTC/Documents/hate/cmake/stm32cubemx/../../Middlewares/ST/AI/Lib/NetworkRuntime1010_CM4_GCC.a(lite_nl_generic_integer.o)
                0x08005a6c                forward_lite_nl_softmax_is8os8
 .text.forward_lite_nl_softmax_iu8ou8
                0x08005a80       0x14 C:/Users/KCCISTC/Documents/hate/cmake/stm32cubemx/../../Middlewares/ST/AI/Lib/NetworkRuntime1010_CM4_GCC.a(lite_nl_generic_integer.o)
                0x08005a80                forward_lite_nl_softmax_iu8ou8
 .text.align_factor_ch
                0x08005a94       0x60 C:/Users/KCCISTC/Documents/hate/cmake/stm32cubemx/../../Middlewares/ST/AI/Lib/NetworkRuntime1010_CM4_GCC.a(st_align_factor.o)
                0x08005a94                align_factor_ch
 .text.st_sssa8_ch_fully_connected
                0x08005af4      0x514 C:/Users/KCCISTC/Documents/hate/cmake/stm32cubemx/../../Middlewares/ST/AI/Lib/NetworkRuntime1010_CM4_GCC.a(st_sssa8_ch_dense.o)
                0x08005af4                st_sssa8_ch_fully_connected
 .text.st_int8_copy
                0x08006008      0x13c C:/Users/KCCISTC/Documents/hate/cmake/stm32cubemx/../../Middlewares/ST/AI/Lib/NetworkRuntime1010_CM4_GCC.a(st_int8_fill.o)
                0x08006008                st_int8_copy
 .text.st_int8_reordered_no_shift_zero
                0x08006144       0x68 C:/Users/KCCISTC/Documents/hate/cmake/stm32cubemx/../../Middlewares/ST/AI/Lib/NetworkRuntime1010_CM4_GCC.a(st_int8_reordered_no_shift.o)
                0x08006144                st_int8_reordered_no_shift_zero
 .text.ai_array_to_buffer_fmt
                0x080061ac       0xe0 C:/Users/KCCISTC/Documents/hate/cmake/stm32cubemx/../../Middlewares/ST/AI/Lib/NetworkRuntime1010_CM4_GCC.a(ai_datatypes_format.o)
                0x080061ac                ai_array_to_buffer_fmt
 .text.ai_array_get_data_byte_size
                0x0800628c       0x24 C:/Users/KCCISTC/Documents/hate/cmake/stm32cubemx/../../Middlewares/ST/AI/Lib/NetworkRuntime1010_CM4_GCC.a(ai_datatypes_format.o)
                0x0800628c                ai_array_get_data_byte_size
 .text.ai_version_get
                0x080062b0        0xc C:/Users/KCCISTC/Documents/hate/cmake/stm32cubemx/../../Middlewares/ST/AI/Lib/NetworkRuntime1010_CM4_GCC.a(ai_datatypes_internal.o)
                0x080062b0                ai_version_get
 .text.get_tensor_byte_size
                0x080062bc       0x30 C:/Users/KCCISTC/Documents/hate/cmake/stm32cubemx/../../Middlewares/ST/AI/Lib/NetworkRuntime1010_CM4_GCC.a(ai_datatypes_internal.o)
                0x080062bc                get_tensor_byte_size
 .text._lite_kernel_nl_softmax_is8os8
                0x080062ec      0xaa8 C:/Users/KCCISTC/Documents/hate/cmake/stm32cubemx/../../Middlewares/ST/AI/Lib/NetworkRuntime1010_CM4_GCC.a(lite_nl_softmax_is8os8.o)
                0x080062ec                _lite_kernel_nl_softmax_is8os8
 .text._lite_kernel_nl_softmax_iu8ou8
                0x08006d94      0x7d0 C:/Users/KCCISTC/Documents/hate/cmake/stm32cubemx/../../Middlewares/ST/AI/Lib/NetworkRuntime1010_CM4_GCC.a(lite_nl_softmax_iu8ou8.o)
                0x08006d94                _lite_kernel_nl_softmax_iu8ou8
 .text.expf     0x08007564       0x78 C:/PROGRA~2/ARMGNU~1/142BCE~1.3RE/bin/../lib/gcc/arm-none-eabi/14.3.1/../../../../arm-none-eabi/lib/thumb/v7e-m+fp/hard\libm.a(libm_a-wf_exp.o)
                0x08007564                expf
 .text.finitef  0x080075dc       0x14 C:/PROGRA~2/ARMGNU~1/142BCE~1.3RE/bin/../lib/gcc/arm-none-eabi/14.3.1/../../../../arm-none-eabi/lib/thumb/v7e-m+fp/hard\libm.a(libm_a-sf_finite.o)
                0x080075dc                finitef
 .text.roundf   0x080075f0       0x4c C:/PROGRA~2/ARMGNU~1/142BCE~1.3RE/bin/../lib/gcc/arm-none-eabi/14.3.1/../../../../arm-none-eabi/lib/thumb/v7e-m+fp/hard\libm.a(libm_a-sf_round.o)
                0x080075f0                roundf
 .text.__ieee754_expf
                0x0800763c      0x1e8 C:/PROGRA~2/ARMGNU~1/142BCE~1.3RE/bin/../lib/gcc/arm-none-eabi/14.3.1/../../../../arm-none-eabi/lib/thumb/v7e-m+fp/hard\libm.a(libm_a-ef_exp.o)
                0x0800763c                __ieee754_expf
 .text.with_errnof
                0x08007824       0x1c C:/PROGRA~2/ARMGNU~1/142BCE~1.3RE/bin/../lib/gcc/arm-none-eabi/14.3.1/../../../../arm-none-eabi/lib/thumb/v7e-m+fp/hard\libm.a(libm_a-math_errf.o)
 .text.xflowf   0x08007840       0x20 C:/PROGRA~2/ARMGNU~1/142BCE~1.3RE/bin/../lib/gcc/arm-none-eabi/14.3.1/../../../../arm-none-eabi/lib/thumb/v7e-m+fp/hard\libm.a(libm_a-math_errf.o)
 .text.__math_uflowf
                0x08007860        0xc C:/PROGRA~2/ARMGNU~1/142BCE~1.3RE/bin/../lib/gcc/arm-none-eabi/14.3.1/../../../../arm-none-eabi/lib/thumb/v7e-m+fp/hard\libm.a(libm_a-math_errf.o)
                0x08007860                __math_uflowf
 .text.__math_oflowf
                0x0800786c        0xc C:/PROGRA~2/ARMGNU~1/142BCE~1.3RE/bin/../lib/gcc/arm-none-eabi/14.3.1/../../../../arm-none-eabi/lib/thumb/v7e-m+fp/hard\libm.a(libm_a-math_errf.o)
                0x0800786c                __math_oflowf
 .text.__udivmoddi4
                0x08007878      0x2f8 C:/PROGRA~2/ARMGNU~1/142BCE~1.3RE/bin/../lib/gcc/arm-none-eabi/14.3.1/thumb/v7e-m+fp/hard\libgcc.a(_udivmoddi4.o)
                0x08007878                __udivmoddi4
 .text.atoi     0x08007b70        0x8 C:/PROGRA~2/ARMGNU~1/142BCE~1.3RE/bin/../lib/gcc/arm-none-eabi/14.3.1/../../../../arm-none-eabi/lib/thumb/v7e-m+fp/hard\libg_nano.a(libc_a-atoi.o)
                0x08007b70                atoi
 .text.malloc   0x08007b78       0x10 C:/PROGRA~2/ARMGNU~1/142BCE~1.3RE/bin/../lib/gcc/arm-none-eabi/14.3.1/../../../../arm-none-eabi/lib/thumb/v7e-m+fp/hard\libg_nano.a(libc_a-malloc.o)
                0x08007b78                malloc
 .text.sbrk_aligned
                0x08007b88       0x44 C:/PROGRA~2/ARMGNU~1/142BCE~1.3RE/bin/../lib/gcc/arm-none-eabi/14.3.1/../../../../arm-none-eabi/lib/thumb/v7e-m+fp/hard\libg_nano.a(libc_a-mallocr.o)
 .text._malloc_r
                0x08007bcc      0x100 C:/PROGRA~2/ARMGNU~1/142BCE~1.3RE/bin/../lib/gcc/arm-none-eabi/14.3.1/../../../../arm-none-eabi/lib/thumb/v7e-m+fp/hard\libg_nano.a(libc_a-mallocr.o)
                0x08007bcc                _malloc_r
 .text.__malloc_lock
                0x08007ccc        0xc C:/PROGRA~2/ARMGNU~1/142BCE~1.3RE/bin/../lib/gcc/arm-none-eabi/14.3.1/../../../../arm-none-eabi/lib/thumb/v7e-m+fp/hard\libg_nano.a(libc_a-mlock.o)
                0x08007ccc                __malloc_lock
 .text.__malloc_unlock
                0x08007cd8        0xc C:/PROGRA~2/ARMGNU~1/142BCE~1.3RE/bin/../lib/gcc/arm-none-eabi/14.3.1/../../../../arm-none-eabi/lib/thumb/v7e-m+fp/hard\libg_nano.a(libc_a-mlock.o)
                0x08007cd8                __malloc_unlock
 .text._realloc_r
                0x08007ce4       0x5c C:/PROGRA~2/ARMGNU~1/142BCE~1.3RE/bin/../lib/gcc/arm-none-eabi/14.3.1/../../../../arm-none-eabi/lib/thumb/v7e-m+fp/hard\libg_nano.a(libc_a-reallocr.o)
                0x08007ce4                _realloc_r
 .text._strtol_l.isra.0
                0x08007d40       0xf4 C:/PROGRA~2/ARMGNU~1/142BCE~1.3RE/bin/../lib/gcc/arm-none-eabi/14.3.1/../../../../arm-none-eabi/lib/thumb/v7e-m+fp/hard\libg_nano.a(libc_a-strtol.o)
 .text.strtol   0x08007e34       0x14 C:/PROGRA~2/ARMGNU~1/142BCE~1.3RE/bin/../lib/gcc/arm-none-eabi/14.3.1/../../../../arm-none-eabi/lib/thumb/v7e-m+fp/hard\libg_nano.a(libc_a-strtol.o)
                0x08007e34                strtol
 .text.std      0x08007e48       0x6c C:/PROGRA~2/ARMGNU~1/142BCE~1.3RE/bin/../lib/gcc/arm-none-eabi/14.3.1/../../../../arm-none-eabi/lib/thumb/v7e-m+fp/hard\libg_nano.a(libc_a-findfp.o)
 .text.stdio_exit_handler
                0x08007eb4       0x18 C:/PROGRA~2/ARMGNU~1/142BCE~1.3RE/bin/../lib/gcc/arm-none-eabi/14.3.1/../../../../arm-none-eabi/lib/thumb/v7e-m+fp/hard\libg_nano.a(libc_a-findfp.o)
 .text.cleanup_stdio
                0x08007ecc       0x40 C:/PROGRA~2/ARMGNU~1/142BCE~1.3RE/bin/../lib/gcc/arm-none-eabi/14.3.1/../../../../arm-none-eabi/lib/thumb/v7e-m+fp/hard\libg_nano.a(libc_a-findfp.o)
 .text.global_stdio_init.part.0
                0x08007f0c       0x40 C:/PROGRA~2/ARMGNU~1/142BCE~1.3RE/bin/../lib/gcc/arm-none-eabi/14.3.1/../../../../arm-none-eabi/lib/thumb/v7e-m+fp/hard\libg_nano.a(libc_a-findfp.o)
 .text.__sfp_lock_acquire
                0x08007f4c        0xc C:/PROGRA~2/ARMGNU~1/142BCE~1.3RE/bin/../lib/gcc/arm-none-eabi/14.3.1/../../../../arm-none-eabi/lib/thumb/v7e-m+fp/hard\libg_nano.a(libc_a-findfp.o)
                0x08007f4c                __sfp_lock_acquire
 .text.__sfp_lock_release
                0x08007f58        0xc C:/PROGRA~2/ARMGNU~1/142BCE~1.3RE/bin/../lib/gcc/arm-none-eabi/14.3.1/../../../../arm-none-eabi/lib/thumb/v7e-m+fp/hard\libg_nano.a(libc_a-findfp.o)
                0x08007f58                __sfp_lock_release
 .text.__sinit  0x08007f64       0x30 C:/PROGRA~2/ARMGNU~1/142BCE~1.3RE/bin/../lib/gcc/arm-none-eabi/14.3.1/../../../../arm-none-eabi/lib/thumb/v7e-m+fp/hard\libg_nano.a(libc_a-findfp.o)
                0x08007f64                __sinit
 .text._fwalk_sglue
                0x08007f94       0x3c C:/PROGRA~2/ARMGNU~1/142BCE~1.3RE/bin/../lib/gcc/arm-none-eabi/14.3.1/../../../../arm-none-eabi/lib/thumb/v7e-m+fp/hard\libg_nano.a(libc_a-fwalk.o)
                0x08007f94                _fwalk_sglue
 .text.printf   0x08007fd0       0x24 C:/PROGRA~2/ARMGNU~1/142BCE~1.3RE/bin/../lib/gcc/arm-none-eabi/14.3.1/../../../../arm-none-eabi/lib/thumb/v7e-m+fp/hard\libg_nano.a(libc_a-printf.o)
                0x08007fd0                iprintf
                0x08007fd0                printf
 .text._puts_r  0x08007ff4       0xaa C:/PROGRA~2/ARMGNU~1/142BCE~1.3RE/bin/../lib/gcc/arm-none-eabi/14.3.1/../../../../arm-none-eabi/lib/thumb/v7e-m+fp/hard\libg_nano.a(libc_a-puts.o)
                0x08007ff4                _puts_r
 *fill*         0x0800809e        0x2 
 .text.puts     0x080080a0       0x10 C:/PROGRA~2/ARMGNU~1/142BCE~1.3RE/bin/../lib/gcc/arm-none-eabi/14.3.1/../../../../arm-none-eabi/lib/thumb/v7e-m+fp/hard\libg_nano.a(libc_a-puts.o)
                0x080080a0                puts
 .text.snprintf
                0x080080b0       0x6c C:/PROGRA~2/ARMGNU~1/142BCE~1.3RE/bin/../lib/gcc/arm-none-eabi/14.3.1/../../../../arm-none-eabi/lib/thumb/v7e-m+fp/hard\libg_nano.a(libc_a-snprintf.o)
                0x080080b0                sniprintf
                0x080080b0                snprintf
 .text.__sread  0x0800811c       0x22 C:/PROGRA~2/ARMGNU~1/142BCE~1.3RE/bin/../lib/gcc/arm-none-eabi/14.3.1/../../../../arm-none-eabi/lib/thumb/v7e-m+fp/hard\libg_nano.a(libc_a-stdio.o)
                0x0800811c                __sread
 .text.__swrite
                0x0800813e       0x38 C:/PROGRA~2/ARMGNU~1/142BCE~1.3RE/bin/../lib/gcc/arm-none-eabi/14.3.1/../../../../arm-none-eabi/lib/thumb/v7e-m+fp/hard\libg_nano.a(libc_a-stdio.o)
                0x0800813e                __swrite
 .text.__sseek  0x08008176       0x26 C:/PROGRA~2/ARMGNU~1/142BCE~1.3RE/bin/../lib/gcc/arm-none-eabi/14.3.1/../../../../arm-none-eabi/lib/thumb/v7e-m+fp/hard\libg_nano.a(libc_a-stdio.o)
                0x08008176                __sseek
 .text.__sclose
                0x0800819c        0x8 C:/PROGRA~2/ARMGNU~1/142BCE~1.3RE/bin/../lib/gcc/arm-none-eabi/14.3.1/../../../../arm-none-eabi/lib/thumb/v7e-m+fp/hard\libg_nano.a(libc_a-stdio.o)
                0x0800819c                __sclose
 .text.__swbuf_r
                0x080081a4       0x7c C:/PROGRA~2/ARMGNU~1/142BCE~1.3RE/bin/../lib/gcc/arm-none-eabi/14.3.1/../../../../arm-none-eabi/lib/thumb/v7e-m+fp/hard\libg_nano.a(libc_a-wbuf.o)
                0x080081a4                __swbuf_r
 .text.__swsetup_r
                0x08008220       0xa8 C:/PROGRA~2/ARMGNU~1/142BCE~1.3RE/bin/../lib/gcc/arm-none-eabi/14.3.1/../../../../arm-none-eabi/lib/thumb/v7e-m+fp/hard\libg_nano.a(libc_a-wsetup.o)
                0x08008220                __swsetup_r
 .text.memset   0x080082c8       0x10 C:/PROGRA~2/ARMGNU~1/142BCE~1.3RE/bin/../lib/gcc/arm-none-eabi/14.3.1/../../../../arm-none-eabi/lib/thumb/v7e-m+fp/hard\libg_nano.a(libc_a-memset.o)
                0x080082c8                memset
 .text.strncpy  0x080082d8       0x26 C:/PROGRA~2/ARMGNU~1/142BCE~1.3RE/bin/../lib/gcc/arm-none-eabi/14.3.1/../../../../arm-none-eabi/lib/thumb/v7e-m+fp/hard\libg_nano.a(libc_a-strncpy.o)
                0x080082d8                strncpy
 *fill*         0x080082fe        0x2 
 .text.strtok   0x08008300       0x7c C:/PROGRA~2/ARMGNU~1/142BCE~1.3RE/bin/../lib/gcc/arm-none-eabi/14.3.1/../../../../arm-none-eabi/lib/thumb/v7e-m+fp/hard\libg_nano.a(libc_a-strtok.o)
                0x08008300                strtok
 .text.__strtok_r
                0x0800837c       0x50 C:/PROGRA~2/ARMGNU~1/142BCE~1.3RE/bin/../lib/gcc/arm-none-eabi/14.3.1/../../../../arm-none-eabi/lib/thumb/v7e-m+fp/hard\libg_nano.a(libc_a-strtok_r.o)
                0x0800837c                __strtok_r
 .text.strstr   0x080083cc       0x2c C:/PROGRA~2/ARMGNU~1/142BCE~1.3RE/bin/../lib/gcc/arm-none-eabi/14.3.1/../../../../arm-none-eabi/lib/thumb/v7e-m+fp/hard\libg_nano.a(libc_a-strstr.o)
                0x080083cc                strstr
 .text._close_r
                0x080083f8       0x20 C:/PROGRA~2/ARMGNU~1/142BCE~1.3RE/bin/../lib/gcc/arm-none-eabi/14.3.1/../../../../arm-none-eabi/lib/thumb/v7e-m+fp/hard\libg_nano.a(libc_a-closer.o)
                0x080083f8                _close_r
 .text._lseek_r
                0x08008418       0x24 C:/PROGRA~2/ARMGNU~1/142BCE~1.3RE/bin/../lib/gcc/arm-none-eabi/14.3.1/../../../../arm-none-eabi/lib/thumb/v7e-m+fp/hard\libg_nano.a(libc_a-lseekr.o)
                0x08008418                _lseek_r
 .text._read_r  0x0800843c       0x24 C:/PROGRA~2/ARMGNU~1/142BCE~1.3RE/bin/../lib/gcc/arm-none-eabi/14.3.1/../../../../arm-none-eabi/lib/thumb/v7e-m+fp/hard\libg_nano.a(libc_a-readr.o)
                0x0800843c                _read_r
 .text._sbrk_r  0x08008460       0x20 C:/PROGRA~2/ARMGNU~1/142BCE~1.3RE/bin/../lib/gcc/arm-none-eabi/14.3.1/../../../../arm-none-eabi/lib/thumb/v7e-m+fp/hard\libg_nano.a(libc_a-sbrkr.o)
                0x08008460                _sbrk_r
 .text._write_r
                0x08008480       0x24 C:/PROGRA~2/ARMGNU~1/142BCE~1.3RE/bin/../lib/gcc/arm-none-eabi/14.3.1/../../../../arm-none-eabi/lib/thumb/v7e-m+fp/hard\libg_nano.a(libc_a-writer.o)
                0x08008480                _write_r
 .text.__errno  0x080084a4        0xc C:/PROGRA~2/ARMGNU~1/142BCE~1.3RE/bin/../lib/gcc/arm-none-eabi/14.3.1/../../../../arm-none-eabi/lib/thumb/v7e-m+fp/hard\libg_nano.a(libc_a-errno.o)
                0x080084a4                __errno
 .text.__libc_init_array
                0x080084b0       0x48 C:/PROGRA~2/ARMGNU~1/142BCE~1.3RE/bin/../lib/gcc/arm-none-eabi/14.3.1/../../../../arm-none-eabi/lib/thumb/v7e-m+fp/hard\libg_nano.a(libc_a-init.o)
                0x080084b0                __libc_init_array
 .text.__retarget_lock_init_recursive
                0x080084f8        0x2 C:/PROGRA~2/ARMGNU~1/142BCE~1.3RE/bin/../lib/gcc/arm-none-eabi/14.3.1/../../../../arm-none-eabi/lib/thumb/v7e-m+fp/hard\libg_nano.a(libc_a-lock.o)
                0x080084f8                __retarget_lock_init_recursive
 .text.__retarget_lock_acquire_recursive
                0x080084fa        0x2 C:/PROGRA~2/ARMGNU~1/142BCE~1.3RE/bin/../lib/gcc/arm-none-eabi/14.3.1/../../../../arm-none-eabi/lib/thumb/v7e-m+fp/hard\libg_nano.a(libc_a-lock.o)
                0x080084fa                __retarget_lock_acquire_recursive
 .text.__retarget_lock_release_recursive
                0x080084fc        0x2 C:/PROGRA~2/ARMGNU~1/142BCE~1.3RE/bin/../lib/gcc/arm-none-eabi/14.3.1/../../../../arm-none-eabi/lib/thumb/v7e-m+fp/hard\libg_nano.a(libc_a-lock.o)
                0x080084fc                __retarget_lock_release_recursive
 .text.memcpy   0x080084fe       0x1c C:/PROGRA~2/ARMGNU~1/142BCE~1.3RE/bin/../lib/gcc/arm-none-eabi/14.3.1/../../../../arm-none-eabi/lib/thumb/v7e-m+fp/hard\libg_nano.a(libc_a-memcpy-stub.o)
                0x080084fe                memcpy
 *fill*         0x0800851a        0x2 
 .text.__assert_func
                0x0800851c       0x3c C:/PROGRA~2/ARMGNU~1/142BCE~1.3RE/bin/../lib/gcc/arm-none-eabi/14.3.1/../../../../arm-none-eabi/lib/thumb/v7e-m+fp/hard\libg_nano.a(libc_a-assert.o)
                0x0800851c                __assert_func
 .text._free_r  0x08008558       0x94 C:/PROGRA~2/ARMGNU~1/142BCE~1.3RE/bin/../lib/gcc/arm-none-eabi/14.3.1/../../../../arm-none-eabi/lib/thumb/v7e-m+fp/hard\libg_nano.a(libc_a-freer.o)
                0x08008558                _free_r
 .text._malloc_usable_size_r
                0x080085ec       0x10 C:/PROGRA~2/ARMGNU~1/142BCE~1.3RE/bin/../lib/gcc/arm-none-eabi/14.3.1/../../../../arm-none-eabi/lib/thumb/v7e-m+fp/hard\libg_nano.a(libc_a-msizer.o)
                0x080085ec                _malloc_usable_size_r
 .text.__ssputs_r
                0x080085fc       0xc0 C:/PROGRA~2/ARMGNU~1/142BCE~1.3RE/bin/../lib/gcc/arm-none-eabi/14.3.1/../../../../arm-none-eabi/lib/thumb/v7e-m+fp/hard\libg_nano.a(libc_a-nano-svfprintf.o)
                0x080085fc                __ssputs_r
 .text._svfprintf_r
                0x080086bc      0x1f0 C:/PROGRA~2/ARMGNU~1/142BCE~1.3RE/bin/../lib/gcc/arm-none-eabi/14.3.1/../../../../arm-none-eabi/lib/thumb/v7e-m+fp/hard\libg_nano.a(libc_a-nano-svfprintf.o)
                0x080086bc                _svfiprintf_r
                0x080086bc                _svfprintf_r
 .text.__sfputc_r
                0x080088ac       0x2e C:/PROGRA~2/ARMGNU~1/142BCE~1.3RE/bin/../lib/gcc/arm-none-eabi/14.3.1/../../../../arm-none-eabi/lib/thumb/v7e-m+fp/hard\libg_nano.a(libc_a-nano-vfprintf.o)
 .text.__sfputs_r
                0x080088da       0x24 C:/PROGRA~2/ARMGNU~1/142BCE~1.3RE/bin/../lib/gcc/arm-none-eabi/14.3.1/../../../../arm-none-eabi/lib/thumb/v7e-m+fp/hard\libg_nano.a(libc_a-nano-vfprintf.o)
                0x080088da                __sfputs_r
 *fill*         0x080088fe        0x2 
 .text._vfprintf_r
                0x08008900      0x228 C:/PROGRA~2/ARMGNU~1/142BCE~1.3RE/bin/../lib/gcc/arm-none-eabi/14.3.1/../../../../arm-none-eabi/lib/thumb/v7e-m+fp/hard\libg_nano.a(libc_a-nano-vfprintf.o)
                0x08008900                _vfprintf_r
                0x08008900                _vfiprintf_r
 .text._printf_common
                0x08008b28       0xda C:/PROGRA~2/ARMGNU~1/142BCE~1.3RE/bin/../lib/gcc/arm-none-eabi/14.3.1/../../../../arm-none-eabi/lib/thumb/v7e-m+fp/hard\libg_nano.a(libc_a-nano-vfprintf_i.o)
                0x08008b28                _printf_common
 *fill*         0x08008c02        0x2 
 .text._printf_i
                0x08008c04      0x24c C:/PROGRA~2/ARMGNU~1/142BCE~1.3RE/bin/../lib/gcc/arm-none-eabi/14.3.1/../../../../arm-none-eabi/lib/thumb/v7e-m+fp/hard\libg_nano.a(libc_a-nano-vfprintf_i.o)
                0x08008c04                _printf_i
 .text.__sflush_r
                0x08008e50      0x104 C:/PROGRA~2/ARMGNU~1/142BCE~1.3RE/bin/../lib/gcc/arm-none-eabi/14.3.1/../../../../arm-none-eabi/lib/thumb/v7e-m+fp/hard\libg_nano.a(libc_a-fflush.o)
                0x08008e50                __sflush_r
 .text._fflush_r
                0x08008f54       0x50 C:/PROGRA~2/ARMGNU~1/142BCE~1.3RE/bin/../lib/gcc/arm-none-eabi/14.3.1/../../../../arm-none-eabi/lib/thumb/v7e-m+fp/hard\libg_nano.a(libc_a-fflush.o)
                0x08008f54                _fflush_r
 .text.fprintf  0x08008fa4       0x24 C:/PROGRA~2/ARMGNU~1/142BCE~1.3RE/bin/../lib/gcc/arm-none-eabi/14.3.1/../../../../arm-none-eabi/lib/thumb/v7e-m+fp/hard\libg_nano.a(libc_a-fprintf.o)
                0x08008fa4                fiprintf
                0x08008fa4                fprintf
 .text.__swhatbuf_r
                0x08008fc8       0x48 C:/PROGRA~2/ARMGNU~1/142BCE~1.3RE/bin/../lib/gcc/arm-none-eabi/14.3.1/../../../../arm-none-eabi/lib/thumb/v7e-m+fp/hard\libg_nano.a(libc_a-makebuf.o)
                0x08008fc8                __swhatbuf_r
 .text.__smakebuf_r
                0x08009010       0x72 C:/PROGRA~2/ARMGNU~1/142BCE~1.3RE/bin/../lib/gcc/arm-none-eabi/14.3.1/../../../../arm-none-eabi/lib/thumb/v7e-m+fp/hard\libg_nano.a(libc_a-makebuf.o)
                0x08009010                __smakebuf_r
 .text.memmove  0x08009082       0x32 C:/PROGRA~2/ARMGNU~1/142BCE~1.3RE/bin/../lib/gcc/arm-none-eabi/14.3.1/../../../../arm-none-eabi/lib/thumb/v7e-m+fp/hard\libg_nano.a(libc_a-memmove.o)
                0x08009082                memmove
 .text._fstat_r
                0x080090b4       0x24 C:/PROGRA~2/ARMGNU~1/142BCE~1.3RE/bin/../lib/gcc/arm-none-eabi/14.3.1/../../../../arm-none-eabi/lib/thumb/v7e-m+fp/hard\libg_nano.a(libc_a-fstatr.o)
                0x080090b4                _fstat_r
 .text._isatty_r
                0x080090d8       0x20 C:/PROGRA~2/ARMGNU~1/142BCE~1.3RE/bin/../lib/gcc/arm-none-eabi/14.3.1/../../../../arm-none-eabi/lib/thumb/v7e-m+fp/hard\libg_nano.a(libc_a-isattyr.o)
                0x080090d8                _isatty_r
 .text.abort    0x080090f8        0xe C:/PROGRA~2/ARMGNU~1/142BCE~1.3RE/bin/../lib/gcc/arm-none-eabi/14.3.1/../../../../arm-none-eabi/lib/thumb/v7e-m+fp/hard\libg_nano.a(libc_a-abort.o)
                0x080090f8                abort
 .text._raise_r
                0x08009106       0x50 C:/PROGRA~2/ARMGNU~1/142BCE~1.3RE/bin/../lib/gcc/arm-none-eabi/14.3.1/../../../../arm-none-eabi/lib/thumb/v7e-m+fp/hard\libg_nano.a(libc_a-signal.o)
                0x08009106                _raise_r
 *fill*         0x08009156        0x2 
 .text.raise    0x08009158       0x10 C:/PROGRA~2/ARMGNU~1/142BCE~1.3RE/bin/../lib/gcc/arm-none-eabi/14.3.1/../../../../arm-none-eabi/lib/thumb/v7e-m+fp/hard\libg_nano.a(libc_a-signal.o)
                0x08009158                raise
 .text._kill_r  0x08009168       0x24 C:/PROGRA~2/ARMGNU~1/142BCE~1.3RE/bin/../lib/gcc/arm-none-eabi/14.3.1/../../../../arm-none-eabi/lib/thumb/v7e-m+fp/hard\libg_nano.a(libc_a-signalr.o)
                0x08009168                _kill_r
 .text._getpid_r
                0x0800918c        0x4 C:/PROGRA~2/ARMGNU~1/142BCE~1.3RE/bin/../lib/gcc/arm-none-eabi/14.3.1/../../../../arm-none-eabi/lib/thumb/v7e-m+fp/hard\libg_nano.a(libc_a-signalr.o)
                0x0800918c                _getpid_r
 *(.glue_7)
 .glue_7        0x08009190        0x0 linker stubs
 *(.glue_7t)
 .glue_7t       0x08009190        0x0 linker stubs
 *(.eh_frame)
 .eh_frame      0x08009190        0x0 C:/PROGRA~2/ARMGNU~1/142BCE~1.3RE/bin/../lib/gcc/arm-none-eabi/14.3.1/thumb/v7e-m+fp/hard/crtbegin.o
 *(.init)
 .init          0x08009190        0x4 C:/PROGRA~2/ARMGNU~1/142BCE~1.3RE/bin/../lib/gcc/arm-none-eabi/14.3.1/thumb/v7e-m+fp/hard/crti.o
                0x08009190                _init
 .init          0x08009194        0x8 C:/PROGRA~2/ARMGNU~1/142BCE~1.3RE/bin/../lib/gcc/arm-none-eabi/14.3.1/thumb/v7e-m+fp/hard/crtn.o
 *(.fini)
 .fini          0x0800919c        0x4 C:/PROGRA~2/ARMGNU~1/142BCE~1.3RE/bin/../lib/gcc/arm-none-eabi/14.3.1/thumb/v7e-m+fp/hard/crti.o
                0x0800919c                _fini
 .fini          0x080091a0        0x8 C:/PROGRA~2/ARMGNU~1/142BCE~1.3RE/bin/../lib/gcc/arm-none-eabi/14.3.1/thumb/v7e-m+fp/hard/crtn.o
                0x080091a8                        . = ALIGN (0x4)
                0x080091a8                        _etext = .

.vfp11_veneer   0x080091a8        0x0
 .vfp11_veneer  0x080091a8        0x0 linker stubs

.v4_bx          0x080091a8        0x0
 .v4_bx         0x080091a8        0x0 linker stubs

.iplt           0x080091a8        0x0
 .iplt          0x080091a8        0x0 C:/PROGRA~2/ARMGNU~1/142BCE~1.3RE/bin/../lib/gcc/arm-none-eabi/14.3.1/thumb/v7e-m+fp/hard/crtbegin.o

.rodata         0x080091c0     0x751c
                0x080091c0                        . = ALIGN (0x4)
 *(.rodata)
 .rodata        0x080091c0      0x213 CMakeFiles/hate.dir/Core/Src/main.c.obj
 *fill*         0x080093d3        0x1 
 .rodata        0x080093d4       0x30 CMakeFiles/hate.dir/X-CUBE-AI/App/network_data.c.obj
 .rodata        0x08009404      0x277 CMakeFiles/hate.dir/X-CUBE-AI/App/app_x-cube-ai.c.obj
 *fill*         0x0800967b        0x1 
 .rodata        0x0800967c      0x8e6 CMakeFiles/hate.dir/Core/Src/model_data.c.obj
 *(.rodata*)
 *fill*         0x08009f62        0x2 
 .rodata.AHBPrescTable
                0x08009f64       0x10 cmake/stm32cubemx/CMakeFiles/STM32_Drivers.dir/__/__/Core/Src/system_stm32f4xx.c.obj
                0x08009f64                AHBPrescTable
 .rodata.APBPrescTable
                0x08009f74        0x8 cmake/stm32cubemx/CMakeFiles/STM32_Drivers.dir/__/__/Core/Src/system_stm32f4xx.c.obj
                0x08009f74                APBPrescTable
 .rodata.__compound_literal.0
                0x08009f7c        0x4 CMakeFiles/hate.dir/X-CUBE-AI/App/network.c.obj
 .rodata.__compound_literal.1
                0x08009f80        0x1 CMakeFiles/hate.dir/X-CUBE-AI/App/network.c.obj
 *fill*         0x08009f81        0x3 
 .rodata.__compound_literal.2
                0x08009f84        0x8 CMakeFiles/hate.dir/X-CUBE-AI/App/network.c.obj
 .rodata.gemm_0_output_array_intq
                0x08009f8c        0x8 CMakeFiles/hate.dir/X-CUBE-AI/App/network.c.obj
 .rodata.__compound_literal.3
                0x08009f94      0x200 CMakeFiles/hate.dir/X-CUBE-AI/App/network.c.obj
 .rodata.__compound_literal.4
                0x0800a194       0x80 CMakeFiles/hate.dir/X-CUBE-AI/App/network.c.obj
 .rodata.__compound_literal.5
                0x0800a214        0x8 CMakeFiles/hate.dir/X-CUBE-AI/App/network.c.obj
 .rodata.gemm_0_weights_array_intq
                0x0800a21c        0x8 CMakeFiles/hate.dir/X-CUBE-AI/App/network.c.obj
 .rodata.__compound_literal.6
                0x0800a224        0x4 CMakeFiles/hate.dir/X-CUBE-AI/App/network.c.obj
 .rodata.__compound_literal.7
                0x0800a228        0x1 CMakeFiles/hate.dir/X-CUBE-AI/App/network.c.obj
 *fill*         0x0800a229        0x3 
 .rodata.__compound_literal.8
                0x0800a22c        0x8 CMakeFiles/hate.dir/X-CUBE-AI/App/network.c.obj
 .rodata.gemm_1_output_array_intq
                0x0800a234        0x8 CMakeFiles/hate.dir/X-CUBE-AI/App/network.c.obj
 .rodata.__compound_literal.9
                0x0800a23c      0x100 CMakeFiles/hate.dir/X-CUBE-AI/App/network.c.obj
 .rodata.__compound_literal.10
                0x0800a33c       0x40 CMakeFiles/hate.dir/X-CUBE-AI/App/network.c.obj
 .rodata.__compound_literal.11
                0x0800a37c        0x8 CMakeFiles/hate.dir/X-CUBE-AI/App/network.c.obj
 .rodata.gemm_1_weights_array_intq
                0x0800a384        0x8 CMakeFiles/hate.dir/X-CUBE-AI/App/network.c.obj
 .rodata.__compound_literal.12
                0x0800a38c        0x4 CMakeFiles/hate.dir/X-CUBE-AI/App/network.c.obj
 .rodata.__compound_literal.13
                0x0800a390        0x1 CMakeFiles/hate.dir/X-CUBE-AI/App/network.c.obj
 *fill*         0x0800a391        0x3 
 .rodata.__compound_literal.14
                0x0800a394        0x8 CMakeFiles/hate.dir/X-CUBE-AI/App/network.c.obj
 .rodata.gemm_2_output_array_intq
                0x0800a39c        0x8 CMakeFiles/hate.dir/X-CUBE-AI/App/network.c.obj
 .rodata.__compound_literal.15
                0x0800a3a4       0x10 CMakeFiles/hate.dir/X-CUBE-AI/App/network.c.obj
 .rodata.__compound_literal.16
                0x0800a3b4        0x4 CMakeFiles/hate.dir/X-CUBE-AI/App/network.c.obj
 .rodata.__compound_literal.17
                0x0800a3b8        0x8 CMakeFiles/hate.dir/X-CUBE-AI/App/network.c.obj
 .rodata.gemm_2_weights_array_intq
                0x0800a3c0        0x8 CMakeFiles/hate.dir/X-CUBE-AI/App/network.c.obj
 .rodata.__compound_literal.18
                0x0800a3c8        0x4 CMakeFiles/hate.dir/X-CUBE-AI/App/network.c.obj
 .rodata.__compound_literal.19
                0x0800a3cc        0x1 CMakeFiles/hate.dir/X-CUBE-AI/App/network.c.obj
 *fill*         0x0800a3cd        0x3 
 .rodata.__compound_literal.20
                0x0800a3d0        0x8 CMakeFiles/hate.dir/X-CUBE-AI/App/network.c.obj
 .rodata.nl_3_output_array_intq
                0x0800a3d8        0x8 CMakeFiles/hate.dir/X-CUBE-AI/App/network.c.obj
 .rodata.__compound_literal.21
                0x0800a3e0        0x4 CMakeFiles/hate.dir/X-CUBE-AI/App/network.c.obj
 .rodata.__compound_literal.22
                0x0800a3e4        0x1 CMakeFiles/hate.dir/X-CUBE-AI/App/network.c.obj
 *fill*         0x0800a3e5        0x3 
 .rodata.__compound_literal.23
                0x0800a3e8        0x8 CMakeFiles/hate.dir/X-CUBE-AI/App/network.c.obj
 .rodata.serving_default_keras_tensor_420_output_array_intq
                0x0800a3f0        0x8 CMakeFiles/hate.dir/X-CUBE-AI/App/network.c.obj
 .rodata.nl_3_nl_params_data
                0x0800a3f8        0xc CMakeFiles/hate.dir/X-CUBE-AI/App/network.c.obj
 .rodata.nl_3_nl_params
                0x0800a404       0x10 CMakeFiles/hate.dir/X-CUBE-AI/App/network.c.obj
 .rodata.nl_3_chain
                0x0800a414        0x8 CMakeFiles/hate.dir/X-CUBE-AI/App/network.c.obj
 .rodata.gemm_2_chain
                0x0800a41c        0x8 CMakeFiles/hate.dir/X-CUBE-AI/App/network.c.obj
 .rodata.gemm_1_chain
                0x0800a424        0x8 CMakeFiles/hate.dir/X-CUBE-AI/App/network.c.obj
 .rodata.gemm_0_chain
                0x0800a42c        0x8 CMakeFiles/hate.dir/X-CUBE-AI/App/network.c.obj
 *fill*         0x0800a434        0xc 
 .rodata.s_network_weights_array_u64
                0x0800a440     0x5d10 CMakeFiles/hate.dir/X-CUBE-AI/App/network_data_params.c.obj
                0x0800a440                s_network_weights_array_u64
 .rodata.scaler_mean
                0x08010150      0x1c8 CMakeFiles/hate.dir/Core/Src/model_data.c.obj
                0x08010150                scaler_mean
 .rodata.scaler_scale
                0x08010318      0x1c8 CMakeFiles/hate.dir/Core/Src/model_data.c.obj
                0x08010318                scaler_scale
 .rodata.ln2LO  0x080104e0        0x8 C:/PROGRA~2/ARMGNU~1/142BCE~1.3RE/bin/../lib/gcc/arm-none-eabi/14.3.1/../../../../arm-none-eabi/lib/thumb/v7e-m+fp/hard\libm.a(libm_a-ef_exp.o)
 .rodata.ln2HI  0x080104e8        0x8 C:/PROGRA~2/ARMGNU~1/142BCE~1.3RE/bin/../lib/gcc/arm-none-eabi/14.3.1/../../../../arm-none-eabi/lib/thumb/v7e-m+fp/hard\libm.a(libm_a-ef_exp.o)
 .rodata.halF   0x080104f0        0x8 C:/PROGRA~2/ARMGNU~1/142BCE~1.3RE/bin/../lib/gcc/arm-none-eabi/14.3.1/../../../../arm-none-eabi/lib/thumb/v7e-m+fp/hard\libm.a(libm_a-ef_exp.o)
 .rodata._ctype_
                0x080104f8      0x101 C:/PROGRA~2/ARMGNU~1/142BCE~1.3RE/bin/../lib/gcc/arm-none-eabi/14.3.1/../../../../arm-none-eabi/lib/thumb/v7e-m+fp/hard\libg_nano.a(libc_a-ctype_.o)
                0x080104f8                _ctype_
 .rodata.strtok.str1.1
                0x080105f9       0xe1 C:/PROGRA~2/ARMGNU~1/142BCE~1.3RE/bin/../lib/gcc/arm-none-eabi/14.3.1/../../../../arm-none-eabi/lib/thumb/v7e-m+fp/hard\libg_nano.a(libc_a-strtok.o)
                                 0x72 (size before relaxing)
 .rodata.__assert_func.str1.1
                0x080106da       0x3d C:/PROGRA~2/ARMGNU~1/142BCE~1.3RE/bin/../lib/gcc/arm-none-eabi/14.3.1/../../../../arm-none-eabi/lib/thumb/v7e-m+fp/hard\libg_nano.a(libc_a-assert.o)
 .rodata._svfprintf_r.str1.1
                0x080106da       0x11 C:/PROGRA~2/ARMGNU~1/142BCE~1.3RE/bin/../lib/gcc/arm-none-eabi/14.3.1/../../../../arm-none-eabi/lib/thumb/v7e-m+fp/hard\libg_nano.a(libc_a-nano-svfprintf.o)
 .rodata._vfprintf_r.str1.1
                0x080106da       0x11 C:/PROGRA~2/ARMGNU~1/142BCE~1.3RE/bin/../lib/gcc/arm-none-eabi/14.3.1/../../../../arm-none-eabi/lib/thumb/v7e-m+fp/hard\libg_nano.a(libc_a-nano-vfprintf.o)
 .rodata._printf_i.str1.1
                0x080106da       0x22 C:/PROGRA~2/ARMGNU~1/142BCE~1.3RE/bin/../lib/gcc/arm-none-eabi/14.3.1/../../../../arm-none-eabi/lib/thumb/v7e-m+fp/hard\libg_nano.a(libc_a-nano-vfprintf_i.o)
                0x08010718                        . = ALIGN (0x4)
 *fill*         0x080106da        0x2 

.ARM.extab      0x080106dc        0x0
                0x080106dc                        . = ALIGN (0x4)
 *(.ARM.extab* .gnu.linkonce.armextab.*)
                0x080106dc                        . = ALIGN (0x4)

.ARM            0x080106dc        0x8
                0x080106dc                        . = ALIGN (0x4)
                0x080106dc                        __exidx_start = .
 *(.ARM.exidx*)
 .ARM.exidx     0x080106dc        0x8 C:/PROGRA~2/ARMGNU~1/142BCE~1.3RE/bin/../lib/gcc/arm-none-eabi/14.3.1/../../../../arm-none-eabi/lib/thumb/v7e-m+fp/hard\libg_nano.a(libc_a-strcmp.o)
 .ARM.exidx     0x080106e4        0x0 C:/PROGRA~2/ARMGNU~1/142BCE~1.3RE/bin/../lib/gcc/arm-none-eabi/14.3.1/../../../../arm-none-eabi/lib/thumb/v7e-m+fp/hard\libg_nano.a(libc_a-strlen.o)
                                  0x8 (size before relaxing)
 .ARM.exidx     0x080106e4        0x0 C:/PROGRA~2/ARMGNU~1/142BCE~1.3RE/bin/../lib/gcc/arm-none-eabi/14.3.1/../../../../arm-none-eabi/lib/thumb/v7e-m+fp/hard\libg_nano.a(libc_a-memchr.o)
                                  0x8 (size before relaxing)
 .ARM.exidx.text.__udivmoddi4
                0x080106e4        0x0 C:/PROGRA~2/ARMGNU~1/142BCE~1.3RE/bin/../lib/gcc/arm-none-eabi/14.3.1/thumb/v7e-m+fp/hard\libgcc.a(_udivmoddi4.o)
                                  0x8 (size before relaxing)
                0x080106e4                        __exidx_end = .
                0x080106e4                        . = ALIGN (0x4)

.preinit_array  0x080106e4        0x0
                0x080106e4                        . = ALIGN (0x4)
                0x080106e4                        PROVIDE (__preinit_array_start = .)
 *(.preinit_array*)
                0x080106e4                        PROVIDE (__preinit_array_end = .)
                0x080106e4                        . = ALIGN (0x4)

.init_array     0x080106e4        0x4
                0x080106e4                        . = ALIGN (0x4)
                0x080106e4                        PROVIDE (__init_array_start = .)
 *(SORT_BY_NAME(.init_array.*))
 *(.init_array*)
 .init_array    0x080106e4        0x4 C:/PROGRA~2/ARMGNU~1/142BCE~1.3RE/bin/../lib/gcc/arm-none-eabi/14.3.1/thumb/v7e-m+fp/hard/crtbegin.o
                0x080106e8                        PROVIDE (__init_array_end = .)
                0x080106e8                        . = ALIGN (0x4)

.fini_array     0x080106e8        0x4
                0x080106e8                        . = ALIGN (0x4)
                [!provide]                        PROVIDE (__fini_array_start = .)
 *(SORT_BY_NAME(.fini_array.*))
 *(.fini_array*)
 .fini_array    0x080106e8        0x4 C:/PROGRA~2/ARMGNU~1/142BCE~1.3RE/bin/../lib/gcc/arm-none-eabi/14.3.1/thumb/v7e-m+fp/hard/crtbegin.o
                [!provide]                        PROVIDE (__fini_array_end = .)
                0x080106ec                        . = ALIGN (0x4)
                0x080106ec                        _sidata = LOADADDR (.data)

.rel.dyn        0x080106ec        0x0
 .rel.iplt      0x080106ec        0x0 C:/PROGRA~2/ARMGNU~1/142BCE~1.3RE/bin/../lib/gcc/arm-none-eabi/14.3.1/thumb/v7e-m+fp/hard/crtbegin.o

.data           0x20000000      0x960 load address 0x080106ec
                0x20000000                        . = ALIGN (0x4)
                0x20000000                        _sdata = .
 *(.data)
 *(.data*)
 .data.SystemCoreClock
                0x20000000        0x4 cmake/stm32cubemx/CMakeFiles/STM32_Drivers.dir/__/__/Core/Src/system_stm32f4xx.c.obj
                0x20000000                SystemCoreClock
 .data.uwTickPrio
                0x20000004        0x4 cmake/stm32cubemx/CMakeFiles/STM32_Drivers.dir/__/__/Drivers/STM32F4xx_HAL_Driver/Src/stm32f4xx_hal.c.obj
                0x20000004                uwTickPrio
 .data.uwTickFreq
                0x20000008        0x1 cmake/stm32cubemx/CMakeFiles/STM32_Drivers.dir/__/__/Drivers/STM32F4xx_HAL_Driver/Src/stm32f4xx_hal.c.obj
                0x20000008                uwTickFreq
 *fill*         0x20000009        0x3 
 .data.current_zone
                0x2000000c        0x4 CMakeFiles/hate.dir/Core/Src/main.c.obj
                0x2000000c                current_zone
 .data.serving_default_keras_tensor_420_output_array
                0x20000010       0x10 CMakeFiles/hate.dir/X-CUBE-AI/App/network.c.obj
 .data.gemm_0_output_array
                0x20000020       0x10 CMakeFiles/hate.dir/X-CUBE-AI/App/network.c.obj
 .data.gemm_1_output_array
                0x20000030       0x10 CMakeFiles/hate.dir/X-CUBE-AI/App/network.c.obj
 .data.gemm_2_output_array
                0x20000040       0x10 CMakeFiles/hate.dir/X-CUBE-AI/App/network.c.obj
 .data.nl_3_output_array
                0x20000050       0x10 CMakeFiles/hate.dir/X-CUBE-AI/App/network.c.obj
 .data.gemm_0_weights_array
                0x20000060       0x10 CMakeFiles/hate.dir/X-CUBE-AI/App/network.c.obj
 .data.gemm_0_bias_array
                0x20000070       0x10 CMakeFiles/hate.dir/X-CUBE-AI/App/network.c.obj
 .data.gemm_1_weights_array
                0x20000080       0x10 CMakeFiles/hate.dir/X-CUBE-AI/App/network.c.obj
 .data.gemm_1_bias_array
                0x20000090       0x10 CMakeFiles/hate.dir/X-CUBE-AI/App/network.c.obj
 .data.gemm_2_weights_array
                0x200000a0       0x10 CMakeFiles/hate.dir/X-CUBE-AI/App/network.c.obj
 .data.gemm_2_bias_array
                0x200000b0       0x10 CMakeFiles/hate.dir/X-CUBE-AI/App/network.c.obj
 .data.gemm_0_scratch0_array
                0x200000c0       0x10 CMakeFiles/hate.dir/X-CUBE-AI/App/network.c.obj
 .data.gemm_1_scratch0_array
                0x200000d0       0x10 CMakeFiles/hate.dir/X-CUBE-AI/App/network.c.obj
 .data.gemm_2_scratch0_array
                0x200000e0       0x10 CMakeFiles/hate.dir/X-CUBE-AI/App/network.c.obj
 .data.nl_3_scratch0_array
                0x200000f0       0x10 CMakeFiles/hate.dir/X-CUBE-AI/App/network.c.obj
 .data.__compound_literal.24
                0x20000100       0x10 CMakeFiles/hate.dir/X-CUBE-AI/App/network.c.obj
 .data.__compound_literal.25
                0x20000110       0x10 CMakeFiles/hate.dir/X-CUBE-AI/App/network.c.obj
 .data.gemm_0_bias
                0x20000120       0x1c CMakeFiles/hate.dir/X-CUBE-AI/App/network.c.obj
 .data.__compound_literal.26
                0x2000013c       0x10 CMakeFiles/hate.dir/X-CUBE-AI/App/network.c.obj
 .data.__compound_literal.27
                0x2000014c       0x10 CMakeFiles/hate.dir/X-CUBE-AI/App/network.c.obj
 .data.gemm_0_output
                0x2000015c       0x1c CMakeFiles/hate.dir/X-CUBE-AI/App/network.c.obj
 .data.__compound_literal.28
                0x20000178       0x10 CMakeFiles/hate.dir/X-CUBE-AI/App/network.c.obj
 .data.__compound_literal.29
                0x20000188       0x10 CMakeFiles/hate.dir/X-CUBE-AI/App/network.c.obj
 .data.gemm_0_scratch0
                0x20000198       0x1c CMakeFiles/hate.dir/X-CUBE-AI/App/network.c.obj
 .data.__compound_literal.30
                0x200001b4       0x10 CMakeFiles/hate.dir/X-CUBE-AI/App/network.c.obj
 .data.__compound_literal.31
                0x200001c4       0x10 CMakeFiles/hate.dir/X-CUBE-AI/App/network.c.obj
 .data.gemm_0_weights
                0x200001d4       0x1c CMakeFiles/hate.dir/X-CUBE-AI/App/network.c.obj
 .data.__compound_literal.32
                0x200001f0       0x10 CMakeFiles/hate.dir/X-CUBE-AI/App/network.c.obj
 .data.__compound_literal.33
                0x20000200       0x10 CMakeFiles/hate.dir/X-CUBE-AI/App/network.c.obj
 .data.gemm_1_bias
                0x20000210       0x1c CMakeFiles/hate.dir/X-CUBE-AI/App/network.c.obj
 .data.__compound_literal.34
                0x2000022c       0x10 CMakeFiles/hate.dir/X-CUBE-AI/App/network.c.obj
 .data.__compound_literal.35
                0x2000023c       0x10 CMakeFiles/hate.dir/X-CUBE-AI/App/network.c.obj
 .data.gemm_1_output
                0x2000024c       0x1c CMakeFiles/hate.dir/X-CUBE-AI/App/network.c.obj
 .data.__compound_literal.36
                0x20000268       0x10 CMakeFiles/hate.dir/X-CUBE-AI/App/network.c.obj
 .data.__compound_literal.37
                0x20000278       0x10 CMakeFiles/hate.dir/X-CUBE-AI/App/network.c.obj
 .data.gemm_1_scratch0
                0x20000288       0x1c CMakeFiles/hate.dir/X-CUBE-AI/App/network.c.obj
 .data.__compound_literal.38
                0x200002a4       0x10 CMakeFiles/hate.dir/X-CUBE-AI/App/network.c.obj
 .data.__compound_literal.39
                0x200002b4       0x10 CMakeFiles/hate.dir/X-CUBE-AI/App/network.c.obj
 .data.gemm_1_weights
                0x200002c4       0x1c CMakeFiles/hate.dir/X-CUBE-AI/App/network.c.obj
 .data.__compound_literal.40
                0x200002e0       0x10 CMakeFiles/hate.dir/X-CUBE-AI/App/network.c.obj
 .data.__compound_literal.41
                0x200002f0       0x10 CMakeFiles/hate.dir/X-CUBE-AI/App/network.c.obj
 .data.gemm_2_bias
                0x20000300       0x1c CMakeFiles/hate.dir/X-CUBE-AI/App/network.c.obj
 .data.__compound_literal.42
                0x2000031c       0x10 CMakeFiles/hate.dir/X-CUBE-AI/App/network.c.obj
 .data.__compound_literal.43
                0x2000032c       0x10 CMakeFiles/hate.dir/X-CUBE-AI/App/network.c.obj
 .data.gemm_2_output
                0x2000033c       0x1c CMakeFiles/hate.dir/X-CUBE-AI/App/network.c.obj
 .data.__compound_literal.44
                0x20000358       0x10 CMakeFiles/hate.dir/X-CUBE-AI/App/network.c.obj
 .data.__compound_literal.45
                0x20000368       0x10 CMakeFiles/hate.dir/X-CUBE-AI/App/network.c.obj
 .data.gemm_2_scratch0
                0x20000378       0x1c CMakeFiles/hate.dir/X-CUBE-AI/App/network.c.obj
 .data.__compound_literal.46
                0x20000394       0x10 CMakeFiles/hate.dir/X-CUBE-AI/App/network.c.obj
 .data.__compound_literal.47
                0x200003a4       0x10 CMakeFiles/hate.dir/X-CUBE-AI/App/network.c.obj
 .data.gemm_2_weights
                0x200003b4       0x1c CMakeFiles/hate.dir/X-CUBE-AI/App/network.c.obj
 .data.__compound_literal.48
                0x200003d0       0x10 CMakeFiles/hate.dir/X-CUBE-AI/App/network.c.obj
 .data.__compound_literal.49
                0x200003e0       0x10 CMakeFiles/hate.dir/X-CUBE-AI/App/network.c.obj
 .data.nl_3_output
                0x200003f0       0x1c CMakeFiles/hate.dir/X-CUBE-AI/App/network.c.obj
 .data.__compound_literal.50
                0x2000040c       0x10 CMakeFiles/hate.dir/X-CUBE-AI/App/network.c.obj
 .data.__compound_literal.51
                0x2000041c       0x10 CMakeFiles/hate.dir/X-CUBE-AI/App/network.c.obj
 .data.nl_3_scratch0
                0x2000042c       0x1c CMakeFiles/hate.dir/X-CUBE-AI/App/network.c.obj
 .data.__compound_literal.52
                0x20000448       0x10 CMakeFiles/hate.dir/X-CUBE-AI/App/network.c.obj
 .data.__compound_literal.53
                0x20000458       0x10 CMakeFiles/hate.dir/X-CUBE-AI/App/network.c.obj
 .data.serving_default_keras_tensor_420_output
                0x20000468       0x1c CMakeFiles/hate.dir/X-CUBE-AI/App/network.c.obj
 .data.__compound_literal.54
                0x20000484        0x4 CMakeFiles/hate.dir/X-CUBE-AI/App/network.c.obj
 .data.__compound_literal.55
                0x20000488        0x4 CMakeFiles/hate.dir/X-CUBE-AI/App/network.c.obj
 .data.__compound_literal.57
                0x2000048c        0x4 CMakeFiles/hate.dir/X-CUBE-AI/App/network.c.obj
 .data.__compound_literal.58
                0x20000490       0x30 CMakeFiles/hate.dir/X-CUBE-AI/App/network.c.obj
 .data.nl_3_layer
                0x200004c0       0x24 CMakeFiles/hate.dir/X-CUBE-AI/App/network.c.obj
 .data.__compound_literal.59
                0x200004e4        0x4 CMakeFiles/hate.dir/X-CUBE-AI/App/network.c.obj
 .data.__compound_literal.60
                0x200004e8        0x4 CMakeFiles/hate.dir/X-CUBE-AI/App/network.c.obj
 .data.__compound_literal.61
                0x200004ec        0x8 CMakeFiles/hate.dir/X-CUBE-AI/App/network.c.obj
 .data.__compound_literal.62
                0x200004f4        0x4 CMakeFiles/hate.dir/X-CUBE-AI/App/network.c.obj
 .data.__compound_literal.63
                0x200004f8       0x30 CMakeFiles/hate.dir/X-CUBE-AI/App/network.c.obj
 .data.gemm_2_layer
                0x20000528       0x1c CMakeFiles/hate.dir/X-CUBE-AI/App/network.c.obj
 .data.__compound_literal.64
                0x20000544        0x4 CMakeFiles/hate.dir/X-CUBE-AI/App/network.c.obj
 .data.__compound_literal.65
                0x20000548        0x4 CMakeFiles/hate.dir/X-CUBE-AI/App/network.c.obj
 .data.__compound_literal.66
                0x2000054c        0x8 CMakeFiles/hate.dir/X-CUBE-AI/App/network.c.obj
 .data.__compound_literal.67
                0x20000554        0x4 CMakeFiles/hate.dir/X-CUBE-AI/App/network.c.obj
 .data.__compound_literal.68
                0x20000558       0x30 CMakeFiles/hate.dir/X-CUBE-AI/App/network.c.obj
 .data.gemm_1_layer
                0x20000588       0x1c CMakeFiles/hate.dir/X-CUBE-AI/App/network.c.obj
 .data.__compound_literal.69
                0x200005a4        0x4 CMakeFiles/hate.dir/X-CUBE-AI/App/network.c.obj
 .data.__compound_literal.70
                0x200005a8        0x4 CMakeFiles/hate.dir/X-CUBE-AI/App/network.c.obj
 .data.__compound_literal.71
                0x200005ac        0x8 CMakeFiles/hate.dir/X-CUBE-AI/App/network.c.obj
 .data.__compound_literal.72
                0x200005b4        0x4 CMakeFiles/hate.dir/X-CUBE-AI/App/network.c.obj
 .data.__compound_literal.73
                0x200005b8       0x30 CMakeFiles/hate.dir/X-CUBE-AI/App/network.c.obj
 .data.gemm_0_layer
                0x200005e8       0x1c CMakeFiles/hate.dir/X-CUBE-AI/App/network.c.obj
 .data.__compound_literal.74
                0x20000604       0x10 CMakeFiles/hate.dir/X-CUBE-AI/App/network.c.obj
 .data.__compound_literal.75
                0x20000614       0x1c CMakeFiles/hate.dir/X-CUBE-AI/App/network.c.obj
 .data.__compound_literal.76
                0x20000630       0x10 CMakeFiles/hate.dir/X-CUBE-AI/App/network.c.obj
 .data.__compound_literal.77
                0x20000640       0x1c CMakeFiles/hate.dir/X-CUBE-AI/App/network.c.obj
 .data.__compound_literal.78
                0x2000065c        0x4 CMakeFiles/hate.dir/X-CUBE-AI/App/network.c.obj
 .data.__compound_literal.82
                0x20000660        0xc CMakeFiles/hate.dir/X-CUBE-AI/App/network.c.obj
 .data.__compound_literal.83
                0x2000066c        0x4 CMakeFiles/hate.dir/X-CUBE-AI/App/network.c.obj
 .data.__compound_literal.87
                0x20000670        0xc CMakeFiles/hate.dir/X-CUBE-AI/App/network.c.obj
 .data.__compound_literal.88
                0x2000067c       0x18 CMakeFiles/hate.dir/X-CUBE-AI/App/network.c.obj
 .data.g_network
                0x20000694       0x4c CMakeFiles/hate.dir/X-CUBE-AI/App/network.c.obj
 .data.__compound_literal.0
                0x200006e0       0x10 CMakeFiles/hate.dir/X-CUBE-AI/App/network_data.c.obj
 .data.g_network_data_map_activations
                0x200006f0       0x1c CMakeFiles/hate.dir/X-CUBE-AI/App/network_data.c.obj
                0x200006f0                g_network_data_map_activations
 .data.__compound_literal.1
                0x2000070c       0x10 CMakeFiles/hate.dir/X-CUBE-AI/App/network_data.c.obj
 .data.g_network_data_map_weights
                0x2000071c       0x1c CMakeFiles/hate.dir/X-CUBE-AI/App/network_data.c.obj
                0x2000071c                g_network_data_map_weights
 .data.data_activations0
                0x20000738        0x4 CMakeFiles/hate.dir/X-CUBE-AI/App/app_x-cube-ai.c.obj
                0x20000738                data_activations0
 .data.bssid_order
                0x2000073c      0x1c8 CMakeFiles/hate.dir/Core/Src/model_data.c.obj
                0x2000073c                bssid_order
 .data.__sglue  0x20000904        0xc C:/PROGRA~2/ARMGNU~1/142BCE~1.3RE/bin/../lib/gcc/arm-none-eabi/14.3.1/../../../../arm-none-eabi/lib/thumb/v7e-m+fp/hard\libg_nano.a(libc_a-findfp.o)
                0x20000904                __sglue
 .data._impure_ptr
                0x20000910        0x4 C:/PROGRA~2/ARMGNU~1/142BCE~1.3RE/bin/../lib/gcc/arm-none-eabi/14.3.1/../../../../arm-none-eabi/lib/thumb/v7e-m+fp/hard\libg_nano.a(libc_a-impure.o)
                0x20000910                _impure_ptr
 .data._impure_data
                0x20000914       0x4c C:/PROGRA~2/ARMGNU~1/142BCE~1.3RE/bin/../lib/gcc/arm-none-eabi/14.3.1/../../../../arm-none-eabi/lib/thumb/v7e-m+fp/hard\libg_nano.a(libc_a-impure.o)
                0x20000914                _impure_data
 *(.RamFunc)
 *(.RamFunc*)
                0x20000960                        . = ALIGN (0x4)

.tm_clone_table
                0x20000960        0x0 load address 0x0801104c
 .tm_clone_table
                0x20000960        0x0 C:/PROGRA~2/ARMGNU~1/142BCE~1.3RE/bin/../lib/gcc/arm-none-eabi/14.3.1/thumb/v7e-m+fp/hard/crtbegin.o
 .tm_clone_table
                0x20000960        0x0 C:/PROGRA~2/ARMGNU~1/142BCE~1.3RE/bin/../lib/gcc/arm-none-eabi/14.3.1/thumb/v7e-m+fp/hard/crtend.o

.igot.plt       0x20000960        0x0 load address 0x0801104c
 .igot.plt      0x20000960        0x0 C:/PROGRA~2/ARMGNU~1/142BCE~1.3RE/bin/../lib/gcc/arm-none-eabi/14.3.1/thumb/v7e-m+fp/hard/crtbegin.o

.tdata          0x20000960        0x0 load address 0x0801104c
 *(.tdata .tdata.* .gnu.linkonce.td.*)
                0x20000960                        . = ALIGN (0x4)
                0x20000960                        _edata = .
                [!provide]                        PROVIDE (__data_end = .)
                [!provide]                        PROVIDE (__tdata_end = .)
                [!provide]                        PROVIDE (__tdata_start = ADDR (.tdata))
                [!provide]                        PROVIDE (__tdata_size = (__tdata_end - __tdata_start))
                [!provide]                        PROVIDE (__data_start = ADDR (.data))
                [!provide]                        PROVIDE (__data_size = (__data_end - __data_start))
                [!provide]                        PROVIDE (__tdata_source = LOADADDR (.tdata))
                [!provide]                        PROVIDE (__tdata_source_end = (LOADADDR (.tdata) + SIZEOF (.tdata)))
                [!provide]                        PROVIDE (__tdata_source_size = (__tdata_source_end - __tdata_source))
                [!provide]                        PROVIDE (__data_source = LOADADDR (.data))
                [!provide]                        PROVIDE (__data_source_end = __tdata_source_end)
                [!provide]                        PROVIDE (__data_source_size = (__data_source_end - __data_source))

.tbss           0x20000960        0x0 load address 0x0801104c
                0x20000960                        _sbss = .
                0x20000960                        __bss_start__ = _sbss
 *(.tbss .tbss.*)
                0x20000960                        . = ALIGN (0x4)
                [!provide]                        PROVIDE (__tbss_end = .)
                [!provide]                        PROVIDE (__tbss_start = ADDR (.tbss))
                [!provide]                        PROVIDE (__tbss_size = (__tbss_end - __tbss_start))
                [!provide]                        PROVIDE (__tbss_offset = (ADDR (.tbss) - ADDR (.tdata)))
                [!provide]                        PROVIDE (__tls_base = __tdata_start)
                [!provide]                        PROVIDE (__tls_end = __tbss_end)
                [!provide]                        PROVIDE (__tls_size = (__tls_end - __tls_base))
                [!provide]                        PROVIDE (__tls_align = MAX (ALIGNOF (.tdata), ALIGNOF (.tbss)))
                [!provide]                        PROVIDE (__tls_size_align = (((__tls_size + __tls_align) - 0x1) & ~ ((__tls_align - 0x1))))
                [!provide]                        PROVIDE (__arm32_tls_tcb_offset = MAX (0x8, __tls_align))
                [!provide]                        PROVIDE (__arm64_tls_tcb_offset = MAX (0x10, __tls_align))

.bss            0x20000960     0x1df0 load address 0x0801104c
 *(.bss)
 *(.bss*)
 .bss.completed.1
                0x20000960        0x1 C:/PROGRA~2/ARMGNU~1/142BCE~1.3RE/bin/../lib/gcc/arm-none-eabi/14.3.1/thumb/v7e-m+fp/hard/crtbegin.o
 *fill*         0x20000961        0x3 
 .bss.object.0  0x20000964       0x18 C:/PROGRA~2/ARMGNU~1/142BCE~1.3RE/bin/../lib/gcc/arm-none-eabi/14.3.1/thumb/v7e-m+fp/hard/crtbegin.o
 .bss.uwTick    0x2000097c        0x4 cmake/stm32cubemx/CMakeFiles/STM32_Drivers.dir/__/__/Drivers/STM32F4xx_HAL_Driver/Src/stm32f4xx_hal.c.obj
                0x2000097c                uwTick
 .bss.hi2c2     0x20000980       0x54 CMakeFiles/hate.dir/Core/Src/main.c.obj
                0x20000980                hi2c2
 .bss.huart1    0x200009d4       0x48 CMakeFiles/hate.dir/Core/Src/main.c.obj
                0x200009d4                huart1
 .bss.huart2    0x20000a1c       0x48 CMakeFiles/hate.dir/Core/Src/main.c.obj
                0x20000a1c                huart2
 .bss.esp_rx_buffer
                0x20000a64     0x1000 CMakeFiles/hate.dir/Core/Src/main.c.obj
                0x20000a64                esp_rx_buffer
 .bss.esp_rx_index
                0x20001a64        0x2 CMakeFiles/hate.dir/Core/Src/main.c.obj
                0x20001a64                esp_rx_index
 .bss.esp_response_ready
                0x20001a66        0x1 CMakeFiles/hate.dir/Core/Src/main.c.obj
                0x20001a66                esp_response_ready
 .bss.esp_rx_char
                0x20001a67        0x1 CMakeFiles/hate.dir/Core/Src/main.c.obj
                0x20001a67                esp_rx_char
 .bss.scanned_aps
                0x20001a68      0x258 CMakeFiles/hate.dir/Core/Src/main.c.obj
                0x20001a68                scanned_aps
 .bss.ap_count  0x20001cc0        0x1 CMakeFiles/hate.dir/Core/Src/main.c.obj
                0x20001cc0                ap_count
 *fill*         0x20001cc1        0x3 
 .bss.last_scan_time
                0x20001cc4        0x4 CMakeFiles/hate.dir/Core/Src/main.c.obj
                0x20001cc4                last_scan_time
 .bss.zone_updated
                0x20001cc8        0x1 CMakeFiles/hate.dir/Core/Src/main.c.obj
                0x20001cc8                zone_updated
 *fill*         0x20001cc9        0x3 
 .bss.rssi_features.0
                0x20001ccc      0x1c8 CMakeFiles/hate.dir/Core/Src/main.c.obj
 .bss.__sbrk_heap_end
                0x20001e94        0x4 CMakeFiles/hate.dir/Core/Src/sysmem.c.obj
 .bss.g_network_activations_map
                0x20001e98        0x4 CMakeFiles/hate.dir/X-CUBE-AI/App/network.c.obj
 .bss.g_network_weights_map
                0x20001e9c        0x4 CMakeFiles/hate.dir/X-CUBE-AI/App/network.c.obj
 .bss.__compound_literal.56
                0x20001ea0        0x4 CMakeFiles/hate.dir/X-CUBE-AI/App/network.c.obj
 .bss.__compound_literal.79
                0x20001ea4       0x1c CMakeFiles/hate.dir/X-CUBE-AI/App/network.c.obj
 .bss.__compound_literal.80
                0x20001ec0       0x10 CMakeFiles/hate.dir/X-CUBE-AI/App/network.c.obj
 .bss.__compound_literal.81
                0x20001ed0        0x8 CMakeFiles/hate.dir/X-CUBE-AI/App/network.c.obj
 .bss.__compound_literal.84
                0x20001ed8       0x1c CMakeFiles/hate.dir/X-CUBE-AI/App/network.c.obj
 .bss.__compound_literal.85
                0x20001ef4       0x10 CMakeFiles/hate.dir/X-CUBE-AI/App/network.c.obj
 .bss.__compound_literal.86
                0x20001f04        0x8 CMakeFiles/hate.dir/X-CUBE-AI/App/network.c.obj
 .bss.data_ins  0x20001f0c        0x4 CMakeFiles/hate.dir/X-CUBE-AI/App/app_x-cube-ai.c.obj
                0x20001f0c                data_ins
 .bss.data_outs
                0x20001f10        0x4 CMakeFiles/hate.dir/X-CUBE-AI/App/app_x-cube-ai.c.obj
                0x20001f10                data_outs
 *fill*         0x20001f14        0xc 
 .bss.pool0     0x20001f20      0x6d8 CMakeFiles/hate.dir/X-CUBE-AI/App/app_x-cube-ai.c.obj
 .bss.network   0x200025f8        0x4 CMakeFiles/hate.dir/X-CUBE-AI/App/app_x-cube-ai.c.obj
 .bss.ai_input  0x200025fc        0x4 CMakeFiles/hate.dir/X-CUBE-AI/App/app_x-cube-ai.c.obj
 .bss.ai_output
                0x20002600        0x4 CMakeFiles/hate.dir/X-CUBE-AI/App/app_x-cube-ai.c.obj
 .bss.__malloc_sbrk_start
                0x20002604        0x4 C:/PROGRA~2/ARMGNU~1/142BCE~1.3RE/bin/../lib/gcc/arm-none-eabi/14.3.1/../../../../arm-none-eabi/lib/thumb/v7e-m+fp/hard\libg_nano.a(libc_a-mallocr.o)
                0x20002604                __malloc_sbrk_start
 .bss.__malloc_free_list
                0x20002608        0x4 C:/PROGRA~2/ARMGNU~1/142BCE~1.3RE/bin/../lib/gcc/arm-none-eabi/14.3.1/../../../../arm-none-eabi/lib/thumb/v7e-m+fp/hard\libg_nano.a(libc_a-mallocr.o)
                0x20002608                __malloc_free_list
 .bss.__sf      0x2000260c      0x138 C:/PROGRA~2/ARMGNU~1/142BCE~1.3RE/bin/../lib/gcc/arm-none-eabi/14.3.1/../../../../arm-none-eabi/lib/thumb/v7e-m+fp/hard\libg_nano.a(libc_a-findfp.o)